#
# There is insufficient memory for the Java Runtime Environment to continue.
# Native memory allocation (malloc) failed to allocate 159472 bytes. Error detail: Chunk::new
# Possible reasons:
#   The system is out of physical RAM or swap space
#   This process is running with CompressedOops enabled, and the Java Heap may be blocking the growth of the native heap
# Possible solutions:
#   Reduce memory load on the system
#   Increase physical memory or swap space
#   Check if swap backing store is full
#   Decrease Java heap size (-Xmx/-Xms)
#   Decrease number of Java threads
#   Decrease Java thread stack sizes (-Xss)
#   Set larger code cache with -XX:ReservedCodeCacheSize=
#   JVM is running with Unscaled Compressed Oops mode in which the Java heap is
#     placed in the first 4GB address space. The Java Heap base address is the
#     maximum limit for the native heap growth. Please use -XX:HeapBaseMinAddress
#     to set the Java Heap base and to place the Java Heap above 4GB virtual address.
# This output file may be truncated or incomplete.
#
#  Out of Memory Error (arena.cpp:168), pid=7340, tid=13932
#
# JRE version: OpenJDK Runtime Environment Temurin-21.0.9+10 (21.0.9+10) (build 21.0.9+10-LTS)
# Java VM: OpenJDK 64-Bit Server VM Temurin-21.0.9+10 (21.0.9+10-LTS, mixed mode, sharing, tiered, compressed oops, compressed class ptrs, parallel gc, windows-amd64)
# No core dump will be written. Minidumps are not enabled by default on client versions of Windows
#

---------------  S U M M A R Y ------------

Command Line: --add-modules=ALL-SYSTEM --add-opens=java.base/java.util=ALL-UNNAMED --add-opens=java.base/java.lang=ALL-UNNAMED --add-opens=java.base/sun.nio.fs=ALL-UNNAMED -Declipse.application=org.eclipse.jdt.ls.core.id1 -Dosgi.bundles.defaultStartLevel=4 -Declipse.product=org.eclipse.jdt.ls.core.product -Djava.import.generatesMetadataFilesAtProjectRoot=false -DDetectVMInstallationsJob.disabled=true -Dfile.encoding=utf8 -XX:+UseParallelGC -XX:GCTimeRatio=4 -XX:AdaptiveSizePolicyWeight=90 -Dsun.zip.disableMemoryMapping=true -Xmx2G -Xms100m -Xlog:disable -javaagent:c:\Users\USER\.antigravity\extensions\redhat.java-1.52.0-win32-x64\lombok\lombok-1.18.39-4050.jar c:\Users\USER\.antigravity\extensions\redhat.java-1.52.0-win32-x64\server\plugins\org.eclipse.equinox.launcher_1.7.100.v20251111-0406.jar -configuration c:\Users\USER\AppData\Roaming\Antigravity\User\globalStorage\redhat.java\1.52.0\config_ss_win -data c:\Users\USER\AppData\Roaming\Antigravity\User\workspaceStorage\782e17e61a45a20e5dc4846b1d9e4a99\redhat.java\ss_ws --pipe=\\.\pipe\lsp-cef3daa0aafb5bd7894b464f9143a5e7-sock

Host: Intel(R) Core(TM) i5-8350U CPU @ 1.70GHz, 8 cores, 7G,  Windows 11 , 64 bit Build 26100 (10.0.26100.7705)
Time: Thu Feb 26 09:15:24 2026 W. Central Africa Standard Time elapsed time: 92.423662 seconds (0d 0h 1m 32s)

---------------  T H R E A D  ---------------

Current thread (0x00000148172bcfc0):  JavaThread "C2 CompilerThread0" daemon [_thread_in_native, id=13932, stack(0x0000000177300000,0x0000000177400000) (1024K)]


Current CompileTask:
C2:92424 1755       4       java.lang.StringLatin1::toLowerCase (186 bytes)

Stack: [0x0000000177300000,0x0000000177400000]
Native frames: (J=compiled Java code, j=interpreted, Vv=VM code, C=native code)
V  [jvm.dll+0x6d6e29]
V  [jvm.dll+0x8b4b76]
V  [jvm.dll+0x8b712e]
V  [jvm.dll+0x8b7813]
V  [jvm.dll+0x283d86]
V  [jvm.dll+0xc66ed]
V  [jvm.dll+0xc6c31]
V  [jvm.dll+0x3be53b]
V  [jvm.dll+0x38ab92]
V  [jvm.dll+0x389fda]
V  [jvm.dll+0x24bfa0]
V  [jvm.dll+0x24b580]
V  [jvm.dll+0x1cb13e]
V  [jvm.dll+0x25b29d]
V  [jvm.dll+0x25982a]
V  [jvm.dll+0x3f7ea6]
V  [jvm.dll+0x85e9ad]
V  [jvm.dll+0x6d565d]
C  [ucrtbase.dll+0x37b0]
C  [KERNEL32.DLL+0x2e8d7]
C  [ntdll.dll+0x8c40c]


---------------  P R O C E S S  ---------------

Threads class SMR info:
_java_thread_list=0x000001485e4622f0, length=12, elements={
0x000001487e2e7ed0, 0x00000148172af0c0, 0x00000148172b13e0, 0x00000148172b6ca0,
0x00000148172b76f0, 0x00000148172b9450, 0x00000148172ba230, 0x00000148172bcfc0,
0x00000148172de280, 0x0000014859d88c90, 0x0000014859edbf80, 0x0000014859c34010
}

Java Threads: ( => current thread )
  0x000001487e2e7ed0 JavaThread "main"                              [_thread_in_native, id=5760, stack(0x0000000176900000,0x0000000176a00000) (1024K)]
  0x00000148172af0c0 JavaThread "Reference Handler"          daemon [_thread_blocked, id=24116, stack(0x0000000176d00000,0x0000000176e00000) (1024K)]
  0x00000148172b13e0 JavaThread "Finalizer"                  daemon [_thread_blocked, id=20564, stack(0x0000000176e00000,0x0000000176f00000) (1024K)]
  0x00000148172b6ca0 JavaThread "Signal Dispatcher"          daemon [_thread_blocked, id=15588, stack(0x0000000176f00000,0x0000000177000000) (1024K)]
  0x00000148172b76f0 JavaThread "Attach Listener"            daemon [_thread_blocked, id=11708, stack(0x0000000177000000,0x0000000177100000) (1024K)]
  0x00000148172b9450 JavaThread "Service Thread"             daemon [_thread_blocked, id=18684, stack(0x0000000177100000,0x0000000177200000) (1024K)]
  0x00000148172ba230 JavaThread "Monitor Deflation Thread"   daemon [_thread_blocked, id=6216, stack(0x0000000177200000,0x0000000177300000) (1024K)]
=>0x00000148172bcfc0 JavaThread "C2 CompilerThread0"         daemon [_thread_in_native, id=13932, stack(0x0000000177300000,0x0000000177400000) (1024K)]
  0x00000148172de280 JavaThread "C1 CompilerThread0"         daemon [_thread_blocked, id=24524, stack(0x0000000177400000,0x0000000177500000) (1024K)]
  0x0000014859d88c90 JavaThread "Common-Cleaner"             daemon [_thread_blocked, id=25584, stack(0x0000000177500000,0x0000000177600000) (1024K)]
  0x0000014859edbf80 JavaThread "Notification Thread"        daemon [_thread_blocked, id=13752, stack(0x0000000177600000,0x0000000177700000) (1024K)]
  0x0000014859c34010 JavaThread "Active Thread: Equinox Container: 2faa991b-0945-4d81-8c0f-233ac3fb18e5"        [_thread_blocked, id=20444, stack(0x0000000177d00000,0x0000000177e00000) (1024K)]
Total: 12

Other Threads:
  0x00000148008feb20 VMThread "VM Thread"                           [id=24696, stack(0x0000000176c00000,0x0000000176d00000) (1024K)]
  0x00000148171cca00 WatcherThread "VM Periodic Task Thread"        [id=1644, stack(0x0000000176b00000,0x0000000176c00000) (1024K)]
  0x0000014800858fa0 WorkerThread "GC Thread#0"                     [id=25448, stack(0x0000000176a00000,0x0000000176b00000) (1024K)]
  0x000001485e1dcc80 WorkerThread "GC Thread#1"                     [id=19104, stack(0x0000000177700000,0x0000000177800000) (1024K)]
  0x000001485e1d5be0 WorkerThread "GC Thread#2"                     [id=9196, stack(0x0000000177800000,0x0000000177900000) (1024K)]
  0x000001485e1dd020 WorkerThread "GC Thread#3"                     [id=23812, stack(0x0000000177900000,0x0000000177a00000) (1024K)]
  0x000001485e1dd3c0 WorkerThread "GC Thread#4"                     [id=1136, stack(0x0000000177a00000,0x0000000177b00000) (1024K)]
  0x000001485e2bda30 WorkerThread "GC Thread#5"                     [id=20272, stack(0x0000000177b00000,0x0000000177c00000) (1024K)]
  0x000001485e41de80 WorkerThread "GC Thread#6"                     [id=24228, stack(0x0000000177c00000,0x0000000177d00000) (1024K)]
Total: 9

Threads with active compile tasks:
C2 CompilerThread0  92713 1755       4       java.lang.StringLatin1::toLowerCase (186 bytes)
Total: 1

VM state: not at safepoint (normal execution)

VM Mutex/Monitor currently owned by a thread: None

Heap address: 0x0000000080000000, size: 2048 MB, Compressed Oops mode: 32-bit

CDS archive(s) mapped at: [0x0000014818000000-0x0000014818ba0000-0x0000014818ba0000), size 12189696, SharedBaseAddress: 0x0000014818000000, ArchiveRelocationMode: 1.
Compressed class space mapped at: 0x0000014819000000-0x0000014859000000, reserved size: 1073741824
Narrow klass base: 0x0000014818000000, Narrow klass shift: 0, Narrow klass range: 0x100000000

GC Precious Log:
 CardTable entry size: 512
 CPUs: 8 total, 8 available
 Memory: 8035M
 Large Page Support: Disabled
 NUMA Support: Disabled
 Compressed Oops: Enabled (32-bit)
 Alignments: Space 512K, Generation 512K, Heap 2M
 Heap Min Capacity: 100M
 Heap Initial Capacity: 100M
 Heap Max Capacity: 2G
 Pre-touch: Disabled
 Parallel Workers: 8

Heap:
 PSYoungGen      total 29696K, used 27973K [0x00000000d5580000, 0x00000000d7680000, 0x0000000100000000)
  eden space 25600K, 96% used [0x00000000d5580000,0x00000000d6d95440,0x00000000d6e80000)
  from space 4096K, 80% used [0x00000000d6e80000,0x00000000d71bc148,0x00000000d7280000)
  to   space 4096K, 0% used [0x00000000d7280000,0x00000000d7280000,0x00000000d7680000)
 ParOldGen       total 68608K, used 0K [0x0000000080000000, 0x0000000084300000, 0x00000000d5580000)
  object space 68608K, 0% used [0x0000000080000000,0x0000000080000000,0x0000000084300000)
 Metaspace       used 7938K, committed 8192K, reserved 1114112K
  class space    used 830K, committed 960K, reserved 1048576K

Card table byte_map: [0x0000014800210000,0x0000014800620000] _byte_map_base: 0x00000147ffe10000

Marking Bits: (ParMarkBitMap*) 0x00007ff838942460
 Begin Bits: [0x0000014812cf0000, 0x0000014814cf0000)
 End Bits:   [0x0000014814cf0000, 0x0000014816cf0000)

Polling page: 0x0000014800000000

Metaspace:

Usage:
  Non-class:      6.94 MB used.
      Class:    830.46 KB used.
       Both:      7.75 MB used.

Virtual space:
  Non-class space:       64.00 MB reserved,       7.06 MB ( 11%) committed,  1 nodes.
      Class space:        1.00 GB reserved,     960.00 KB ( <1%) committed,  1 nodes.
             Both:        1.06 GB reserved,       8.00 MB ( <1%) committed. 

Chunk freelists:
   Non-Class:  8.83 MB
       Class:  14.91 MB
        Both:  23.73 MB

MaxMetaspaceSize: unlimited
CompressedClassSpaceSize: 1.00 GB
Initial GC threshold: 21.00 MB
Current GC threshold: 21.00 MB
CDS: on
 - commit_granule_bytes: 65536.
 - commit_granule_words: 8192.
 - virtual_space_node_default_size: 8388608.
 - enlarge_chunks_in_place: 1.
 - use_allocation_guard: 0.


Internal statistics:

num_allocs_failed_limit: 0.
num_arena_births: 228.
num_arena_deaths: 0.
num_vsnodes_births: 2.
num_vsnodes_deaths: 0.
num_space_committed: 128.
num_space_uncommitted: 0.
num_chunks_returned_to_freelist: 0.
num_chunks_taken_from_freelist: 423.
num_chunk_merges: 0.
num_chunk_splits: 269.
num_chunks_enlarged: 177.
num_inconsistent_stats: 0.

CodeHeap 'non-profiled nmethods': size=120000Kb used=704Kb max_used=704Kb free=119295Kb
 bounds [0x000001480b510000, 0x000001480b780000, 0x0000014812a40000]
CodeHeap 'profiled nmethods': size=120000Kb used=3179Kb max_used=3179Kb free=116820Kb
 bounds [0x0000014803a40000, 0x0000014803d60000, 0x000001480af70000]
CodeHeap 'non-nmethods': size=5760Kb used=1217Kb max_used=1244Kb free=4542Kb
 bounds [0x000001480af70000, 0x000001480b1e0000, 0x000001480b510000]
CodeCache: size=245760Kb, used=5100Kb, max_used=5127Kb, free=240657Kb
 total_blobs=2237, nmethods=1754, adapters=390, full_count=0
Compilation: enabled, stopped_count=0, restarted_count=0

Compilation events (20 events):
Event: 72.487 Thread 0x00000148172de280 nmethod 1745 0x0000014803d53310 code [0x0000014803d53520, 0x0000014803d53a68]
Event: 72.487 Thread 0x00000148172de280 1746       3       java.io.WinNTFileSystem::resolve (326 bytes)
Event: 72.495 Thread 0x00000148172de280 nmethod 1746 0x0000014803d53c90 code [0x0000014803d541c0, 0x0000014803d56fc8]
Event: 73.170 Thread 0x00000148172bcfc0 1747       4       java.lang.CharacterDataLatin1::equalsIgnoreCase (63 bytes)
Event: 73.173 Thread 0x00000148172bcfc0 nmethod 1747 0x000001480b5bfc90 code [0x000001480b5bfe20, 0x000001480b5bfed0]
Event: 78.547 Thread 0x00000148172de280 1748       3       java.net.URL::<init> (11 bytes)
Event: 78.547 Thread 0x00000148172de280 nmethod 1748 0x0000014803d58110 code [0x0000014803d582c0, 0x0000014803d58408]
Event: 79.746 Thread 0x00000148172de280 1749       3       java.io.File::<init> (111 bytes)
Event: 79.748 Thread 0x00000148172de280 nmethod 1749 0x0000014803d58490 code [0x0000014803d58740, 0x0000014803d591c0]
Event: 80.418 Thread 0x00000148172de280 1750       3       jdk.internal.misc.CarrierThreadLocal::get (10 bytes)
Event: 80.420 Thread 0x00000148172de280 nmethod 1750 0x0000014803d59610 code [0x0000014803d597e0, 0x0000014803d59aa0]
Event: 80.421 Thread 0x00000148172de280 1751       3       java.lang.System$2::getCarrierThreadLocal (5 bytes)
Event: 80.421 Thread 0x00000148172de280 nmethod 1751 0x0000014803d59b90 code [0x0000014803d59d40, 0x0000014803d59f98]
Event: 80.421 Thread 0x00000148172de280 1752       3       sun.net.www.protocol.file.Handler::parseURL (18 bytes)
Event: 80.422 Thread 0x00000148172de280 nmethod 1752 0x0000014803d5a090 code [0x0000014803d5a240, 0x0000014803d5a400]
Event: 80.901 Thread 0x00000148172de280 1753       3       java.lang.ThreadLocal$ThreadLocalMap::getEntry (42 bytes)
Event: 80.902 Thread 0x00000148172de280 nmethod 1753 0x0000014803d5a510 code [0x0000014803d5a6e0, 0x0000014803d5aaa0]
Event: 80.948 Thread 0x00000148172de280 1754       1       sun.nio.fs.NativeBuffer::size (5 bytes)
Event: 80.948 Thread 0x00000148172de280 nmethod 1754 0x000001480b5bff90 code [0x000001480b5c0120, 0x000001480b5c01e8]
Event: 86.723 Thread 0x00000148172bcfc0 1755       4       java.lang.StringLatin1::toLowerCase (186 bytes)

GC Heap History (2 events):
Event: 10.098 GC heap before
{Heap before GC invocations=1 (full 0):
 PSYoungGen      total 29696K, used 25600K [0x00000000d5580000, 0x00000000d7680000, 0x0000000100000000)
  eden space 25600K, 100% used [0x00000000d5580000,0x00000000d6e80000,0x00000000d6e80000)
  from space 4096K, 0% used [0x00000000d7280000,0x00000000d7280000,0x00000000d7680000)
  to   space 4096K, 0% used [0x00000000d6e80000,0x00000000d6e80000,0x00000000d7280000)
 ParOldGen       total 68608K, used 0K [0x0000000080000000, 0x0000000084300000, 0x00000000d5580000)
  object space 68608K, 0% used [0x0000000080000000,0x0000000080000000,0x0000000084300000)
 Metaspace       used 4366K, committed 4608K, reserved 1114112K
  class space    used 473K, committed 576K, reserved 1048576K
}
Event: 10.133 GC heap after
{Heap after GC invocations=1 (full 0):
 PSYoungGen      total 29696K, used 3312K [0x00000000d5580000, 0x00000000d7680000, 0x0000000100000000)
  eden space 25600K, 0% used [0x00000000d5580000,0x00000000d5580000,0x00000000d6e80000)
  from space 4096K, 80% used [0x00000000d6e80000,0x00000000d71bc148,0x00000000d7280000)
  to   space 4096K, 0% used [0x00000000d7280000,0x00000000d7280000,0x00000000d7680000)
 ParOldGen       total 68608K, used 0K [0x0000000080000000, 0x0000000084300000, 0x00000000d5580000)
  object space 68608K, 0% used [0x0000000080000000,0x0000000080000000,0x0000000084300000)
 Metaspace       used 4366K, committed 4608K, reserved 1114112K
  class space    used 473K, committed 576K, reserved 1048576K
}

Dll operation events (8 events):
Event: 1.700 Loaded shared library c:\Users\USER\.antigravity\extensions\redhat.java-1.52.0-win32-x64\jre\21.0.9-win32-x86_64\bin\java.dll
Event: 3.346 Loaded shared library c:\Users\USER\.antigravity\extensions\redhat.java-1.52.0-win32-x64\jre\21.0.9-win32-x86_64\bin\zip.dll
Event: 4.207 Loaded shared library C:\Users\USER\.antigravity\extensions\redhat.java-1.52.0-win32-x64\jre\21.0.9-win32-x86_64\bin\instrument.dll
Event: 4.302 Loaded shared library C:\Users\USER\.antigravity\extensions\redhat.java-1.52.0-win32-x64\jre\21.0.9-win32-x86_64\bin\net.dll
Event: 4.440 Loaded shared library C:\Users\USER\.antigravity\extensions\redhat.java-1.52.0-win32-x64\jre\21.0.9-win32-x86_64\bin\nio.dll
Event: 4.464 Loaded shared library C:\Users\USER\.antigravity\extensions\redhat.java-1.52.0-win32-x64\jre\21.0.9-win32-x86_64\bin\zip.dll
Event: 4.694 Loaded shared library C:\Users\USER\.antigravity\extensions\redhat.java-1.52.0-win32-x64\jre\21.0.9-win32-x86_64\bin\jimage.dll
Event: 6.377 Loaded shared library c:\Users\USER\.antigravity\extensions\redhat.java-1.52.0-win32-x64\jre\21.0.9-win32-x86_64\bin\verify.dll

Deoptimization events (20 events):
Event: 12.237 Thread 0x000001487e2e7ed0 Uncommon trap: trap_request=0xffffff45 fr.pc=0x000001480b5983e0 relative=0x0000000000000040
Event: 12.237 Thread 0x000001487e2e7ed0 Uncommon trap: reason=unstable_if action=reinterpret pc=0x000001480b5983e0 method=java.util.concurrent.locks.AbstractQueuedSynchronizer.signalNext(Ljava/util/concurrent/locks/AbstractQueuedSynchronizer$Node;)V @ 1 c2
Event: 12.237 Thread 0x000001487e2e7ed0 DEOPT PACKING pc=0x000001480b5983e0 sp=0x00000001769fea90
Event: 12.237 Thread 0x000001487e2e7ed0 DEOPT UNPACKING pc=0x000001480afc3aa2 sp=0x00000001769fea20 mode 2
Event: 12.369 Thread 0x000001487e2e7ed0 Uncommon trap: trap_request=0xffffffde fr.pc=0x000001480b5a1918 relative=0x0000000000000b38
Event: 12.369 Thread 0x000001487e2e7ed0 Uncommon trap: reason=class_check action=maybe_recompile pc=0x000001480b5a1918 method=java.util.HashMap.putVal(ILjava/lang/Object;Ljava/lang/Object;ZZ)Ljava/lang/Object; @ 253 c2
Event: 12.369 Thread 0x000001487e2e7ed0 DEOPT PACKING pc=0x000001480b5a1918 sp=0x00000001769fe650
Event: 12.369 Thread 0x000001487e2e7ed0 DEOPT UNPACKING pc=0x000001480afc3aa2 sp=0x00000001769fe5e0 mode 2
Event: 12.377 Thread 0x000001487e2e7ed0 Uncommon trap: trap_request=0xffffffde fr.pc=0x000001480b5a1918 relative=0x0000000000000b38
Event: 12.377 Thread 0x000001487e2e7ed0 Uncommon trap: reason=class_check action=maybe_recompile pc=0x000001480b5a1918 method=java.util.HashMap.putVal(ILjava/lang/Object;Ljava/lang/Object;ZZ)Ljava/lang/Object; @ 253 c2
Event: 12.377 Thread 0x000001487e2e7ed0 DEOPT PACKING pc=0x000001480b5a1918 sp=0x00000001769fe650
Event: 12.377 Thread 0x000001487e2e7ed0 DEOPT UNPACKING pc=0x000001480afc3aa2 sp=0x00000001769fe5e0 mode 2
Event: 12.829 Thread 0x000001487e2e7ed0 DEOPT PACKING pc=0x0000014803bc9988 sp=0x00000001769fc840
Event: 12.829 Thread 0x000001487e2e7ed0 DEOPT UNPACKING pc=0x000001480afc4242 sp=0x00000001769fbcc0 mode 0
Event: 12.843 Thread 0x000001487e2e7ed0 DEOPT PACKING pc=0x0000014803bc9988 sp=0x00000001769fcb50
Event: 12.843 Thread 0x000001487e2e7ed0 DEOPT UNPACKING pc=0x000001480afc4242 sp=0x00000001769fbfd0 mode 0
Event: 12.859 Thread 0x000001487e2e7ed0 DEOPT PACKING pc=0x0000014803bc9988 sp=0x00000001769fcaa0
Event: 12.859 Thread 0x000001487e2e7ed0 DEOPT UNPACKING pc=0x000001480afc4242 sp=0x00000001769fbf20 mode 0
Event: 12.863 Thread 0x000001487e2e7ed0 DEOPT PACKING pc=0x0000014803bc9988 sp=0x00000001769fcda0
Event: 12.863 Thread 0x000001487e2e7ed0 DEOPT UNPACKING pc=0x000001480afc4242 sp=0x00000001769fc220 mode 0

Classes loaded (20 events):
Event: 12.777 Loading class java/security/KeyStoreException
Event: 12.778 Loading class java/security/KeyStoreException done
Event: 13.144 Loading class java/util/LinkedList$Node
Event: 13.145 Loading class java/util/LinkedList$Node done
Event: 13.146 Loading class java/util/LinkedList$ListItr
Event: 13.147 Loading class java/util/LinkedList$ListItr done
Event: 13.151 Loading class java/lang/Thread$Builder$OfPlatform
Event: 13.152 Loading class java/lang/Thread$Builder
Event: 13.152 Loading class java/lang/Thread$Builder done
Event: 13.153 Loading class java/lang/Thread$Builder$OfPlatform done
Event: 13.153 Loading class java/lang/Thread$Builder$OfVirtual
Event: 13.154 Loading class java/lang/Thread$Builder$OfVirtual done
Event: 13.267 Loading class sun/nio/fs/WindowsChannelFactory
Event: 13.269 Loading class sun/nio/fs/WindowsChannelFactory done
Event: 13.269 Loading class sun/nio/fs/WindowsChannelFactory$1
Event: 13.270 Loading class sun/nio/fs/WindowsChannelFactory$1 done
Event: 13.272 Loading class sun/nio/fs/WindowsChannelFactory$Flags
Event: 13.273 Loading class sun/nio/fs/WindowsChannelFactory$Flags done
Event: 13.274 Loading class sun/nio/ch/FileChannelImpl$Closer
Event: 13.277 Loading class sun/nio/ch/FileChannelImpl$Closer done

Classes unloaded (0 events):
No events

Classes redefined (0 events):
No events

Internal exceptions (20 events):
Event: 9.105 Thread 0x000001487e2e7ed0 Exception <a 'java/lang/NoSuchMethodError'{0x00000000d6565ba8}: 'int java.lang.invoke.DirectMethodHandle$Holder.invokeStatic(java.lang.Object, java.lang.Object, java.lang.Object, java.lang.Object, java.lang.Object)'> (0x00000000d6565ba8) 
thrown [s\src\hotspot\share\interpreter\linkResolver.cpp, line 773]
Event: 9.285 Thread 0x000001487e2e7ed0 Exception <a 'java/lang/NoSuchMethodError'{0x00000000d65f9378}: 'java.lang.Object java.lang.invoke.DirectMethodHandle$Holder.invokeInterface(java.lang.Object, java.lang.Object, int)'> (0x00000000d65f9378) 
thrown [s\src\hotspot\share\interpreter\linkResolver.cpp, line 773]
Event: 9.831 Thread 0x000001487e2e7ed0 Exception <a 'java/lang/NoSuchMethodError'{0x00000000d6a61b80}: 'java.lang.ClassLoader java.lang.ClassLoader.getPlatformClassLoader(java.lang.Class)'> (0x00000000d6a61b80) 
thrown [s\src\hotspot\share\interpreter\linkResolver.cpp, line 773]
Event: 10.096 Thread 0x000001487e2e7ed0 Exception <a 'java/lang/ClassNotFoundException'{0x00000000d6e7eb98}: sun/net/www/protocol/c/Handler> (0x00000000d6e7eb98) 
thrown [s\src\hotspot\share\classfile\systemDictionary.cpp, line 312]
Event: 10.134 Thread 0x000001487e2e7ed0 Exception <a 'java/lang/ClassNotFoundException'{0x00000000d55801e0}: sun/net/www/protocol/c/Handler> (0x00000000d55801e0) 
thrown [s\src\hotspot\share\classfile\systemDictionary.cpp, line 312]
Event: 10.134 Thread 0x000001487e2e7ed0 Exception <a 'java/lang/ClassNotFoundException'{0x00000000d5581448}: sun/net/www/protocol/c/Handler> (0x00000000d5581448) 
thrown [s\src\hotspot\share\classfile\systemDictionary.cpp, line 312]
Event: 10.164 Thread 0x000001487e2e7ed0 Exception <a 'java/io/FileNotFoundException'{0x00000000d55a9ae8}> (0x00000000d55a9ae8) 
thrown [s\src\hotspot\share\prims\jni.cpp, line 520]
Event: 10.305 Thread 0x000001487e2e7ed0 Implicit null exception at 0x000001480b575cc9 to 0x000001480b576678
Event: 10.313 Thread 0x000001487e2e7ed0 Implicit null exception at 0x000001480b57369a to 0x000001480b5738bc
Event: 10.319 Thread 0x000001487e2e7ed0 Exception <a 'java/lang/NoSuchMethodError'{0x00000000d56da510}: 'void java.lang.invoke.DirectMethodHandle$Holder.invokeStatic(java.lang.Object, java.lang.Object, java.lang.Object, java.lang.Object)'> (0x00000000d56da510) 
thrown [s\src\hotspot\share\interpreter\linkResolver.cpp, line 773]
Event: 10.323 Thread 0x000001487e2e7ed0 Implicit null exception at 0x000001480b572ec0 to 0x000001480b572f45
Event: 11.069 Thread 0x000001487e2e7ed0 Exception <a 'java/lang/NoSuchMethodError'{0x00000000d599edb0}: 'void java.lang.invoke.DirectMethodHandle$Holder.invokeSpecial(java.lang.Object, java.lang.Object, java.lang.Object)'> (0x00000000d599edb0) 
thrown [s\src\hotspot\share\interpreter\linkResolver.cpp, line 773]
Event: 12.018 Thread 0x000001487e2e7ed0 Exception <a 'java/lang/NoSuchMethodError'{0x00000000d62c4b30}: 'int java.lang.invoke.DirectMethodHandle$Holder.invokeVirtual(java.lang.Object, java.lang.Object)'> (0x00000000d62c4b30) 
thrown [s\src\hotspot\share\interpreter\linkResolver.cpp, line 773]
Event: 12.183 Thread 0x000001487e2e7ed0 Exception <a 'java/lang/NoSuchMethodError'{0x00000000d644bb90}: 'int java.lang.invoke.DirectMethodHandle$Holder.invokeStaticInit(java.lang.Object, java.lang.Object, java.lang.Object, java.lang.Object)'> (0x00000000d644bb90) 
thrown [s\src\hotspot\share\interpreter\linkResolver.cpp, line 773]
Event: 12.185 Thread 0x000001487e2e7ed0 Exception <a 'java/lang/IncompatibleClassChangeError'{0x00000000d6453f98}: Found class java.lang.Object, but interface was expected> (0x00000000d6453f98) 
thrown [s\src\hotspot\share\interpreter\linkResolver.cpp, line 840]
Event: 12.187 Thread 0x000001487e2e7ed0 Exception <a 'java/lang/NoSuchMethodError'{0x00000000d645ae68}: 'void java.lang.invoke.DirectMethodHandle$Holder.invokeStaticInit(java.lang.Object, java.lang.Object)'> (0x00000000d645ae68) 
thrown [s\src\hotspot\share\interpreter\linkResolver.cpp, line 773]
Event: 12.190 Thread 0x000001487e2e7ed0 Exception <a 'java/lang/NoSuchMethodError'{0x00000000d64648b0}: 'int java.lang.invoke.DirectMethodHandle$Holder.invokeStaticInit(java.lang.Object, java.lang.Object)'> (0x00000000d64648b0) 
thrown [s\src\hotspot\share\interpreter\linkResolver.cpp, line 773]
Event: 12.328 Thread 0x000001487e2e7ed0 Exception <a 'java/lang/NoSuchMethodError'{0x00000000d66d65b8}: 'java.lang.Object java.lang.invoke.DirectMethodHandle$Holder.newInvokeSpecial(java.lang.Object, int, java.lang.Object)'> (0x00000000d66d65b8) 
thrown [s\src\hotspot\share\interpreter\linkResolver.cpp, line 773]
Event: 12.576 Thread 0x000001487e2e7ed0 Exception <a 'java/lang/ClassNotFoundException'{0x00000000d690a8d8}: sun/net/www/protocol/plurl/Handler> (0x00000000d690a8d8) 
thrown [s\src\hotspot\share\classfile\systemDictionary.cpp, line 312]
Event: 12.577 Thread 0x000001487e2e7ed0 Exception <a 'java/lang/ClassNotFoundException'{0x00000000d690b758}: sun/net/www/protocol/plurl/Handler> (0x00000000d690b758) 
thrown [s\src\hotspot\share\classfile\systemDictionary.cpp, line 312]

ZGC Phase Switch (0 events):
No events

VM Operations (20 events):
Event: 9.269 Executing VM operation: Cleanup
Event: 9.269 Executing VM operation: Cleanup done
Event: 10.097 Executing VM operation: ParallelGCFailedAllocation (Allocation Failure)
Event: 10.133 Executing VM operation: ParallelGCFailedAllocation (Allocation Failure) done
Event: 11.141 Executing VM operation: Cleanup
Event: 11.142 Executing VM operation: Cleanup done
Event: 12.154 Executing VM operation: Cleanup
Event: 12.167 Executing VM operation: Cleanup done
Event: 12.268 Executing VM operation: HandshakeAllThreads (Deoptimize)
Event: 12.268 Executing VM operation: HandshakeAllThreads (Deoptimize) done
Event: 12.294 Executing VM operation: HandshakeAllThreads (Deoptimize)
Event: 12.294 Executing VM operation: HandshakeAllThreads (Deoptimize) done
Event: 12.467 Executing VM operation: HandshakeAllThreads (Deoptimize)
Event: 12.467 Executing VM operation: HandshakeAllThreads (Deoptimize) done
Event: 12.553 Executing VM operation: HandshakeAllThreads (Deoptimize)
Event: 12.553 Executing VM operation: HandshakeAllThreads (Deoptimize) done
Event: 13.554 Executing VM operation: Cleanup
Event: 13.554 Executing VM operation: Cleanup done
Event: 16.570 Executing VM operation: Cleanup
Event: 16.570 Executing VM operation: Cleanup done

Memory protections (0 events):
No events

Nmethod flushes (0 events):
No events

Events (12 events):
Event: 1.759 Thread 0x000001487e2e7ed0 Thread added: 0x000001487e2e7ed0
Event: 1.847 Thread 0x000001487e2e7ed0 Thread added: 0x00000148172af0c0
Event: 1.848 Thread 0x000001487e2e7ed0 Thread added: 0x00000148172b13e0
Event: 1.854 Thread 0x000001487e2e7ed0 Thread added: 0x00000148172b6ca0
Event: 1.854 Thread 0x000001487e2e7ed0 Thread added: 0x00000148172b76f0
Event: 1.855 Thread 0x000001487e2e7ed0 Thread added: 0x00000148172b9450
Event: 1.855 Thread 0x000001487e2e7ed0 Thread added: 0x00000148172ba230
Event: 1.855 Thread 0x000001487e2e7ed0 Thread added: 0x00000148172bcfc0
Event: 1.856 Thread 0x000001487e2e7ed0 Thread added: 0x00000148172de280
Event: 4.283 Thread 0x000001487e2e7ed0 Thread added: 0x0000014859d88c90
Event: 7.111 Thread 0x000001487e2e7ed0 Thread added: 0x0000014859edbf80
Event: 12.228 Thread 0x000001487e2e7ed0 Thread added: 0x0000014859c34010


Dynamic libraries:
0x00007ff6cd7d0000 - 0x00007ff6cd7de000 	c:\Users\USER\.antigravity\extensions\redhat.java-1.52.0-win32-x64\jre\21.0.9-win32-x86_64\bin\java.exe
0x00007ff8f9020000 - 0x00007ff8f9288000 	C:\WINDOWS\SYSTEM32\ntdll.dll
0x00007ff8f7ff0000 - 0x00007ff8f80b9000 	C:\WINDOWS\System32\KERNEL32.DLL
0x00007ff8f64a0000 - 0x00007ff8f6891000 	C:\WINDOWS\System32\KERNELBASE.dll
0x00007ff8f5900000 - 0x00007ff8f5a4b000 	C:\WINDOWS\System32\ucrtbase.dll
0x00007ff8e0ec0000 - 0x00007ff8e0ede000 	c:\Users\USER\.antigravity\extensions\redhat.java-1.52.0-win32-x64\jre\21.0.9-win32-x86_64\bin\VCRUNTIME140.dll
0x00007ff8d5160000 - 0x00007ff8d5178000 	c:\Users\USER\.antigravity\extensions\redhat.java-1.52.0-win32-x64\jre\21.0.9-win32-x86_64\bin\jli.dll
0x00007ff8f6dc0000 - 0x00007ff8f6f86000 	C:\WINDOWS\System32\USER32.dll
0x00007ff8f6d90000 - 0x00007ff8f6db7000 	C:\WINDOWS\System32\win32u.dll
0x00007ff8f7910000 - 0x00007ff8f793b000 	C:\WINDOWS\System32\GDI32.dll
0x00007ff8f62c0000 - 0x00007ff8f63eb000 	C:\WINDOWS\System32\gdi32full.dll
0x00007ff8f63f0000 - 0x00007ff8f6493000 	C:\WINDOWS\System32\msvcp_win.dll
0x00007ff8f4b00000 - 0x00007ff8f4d93000 	C:\WINDOWS\WinSxS\amd64_microsoft.windows.common-controls_6595b64144ccf1df_6.0.26100.7824_none_3e0870b2e3345462\COMCTL32.dll
0x00007ff8f7b50000 - 0x00007ff8f7bf9000 	C:\WINDOWS\System32\msvcrt.dll
0x00007ff8f78d0000 - 0x00007ff8f7901000 	C:\WINDOWS\System32\IMM32.DLL
0x00007ff8e0cc0000 - 0x00007ff8e0ccc000 	c:\Users\USER\.antigravity\extensions\redhat.java-1.52.0-win32-x64\jre\21.0.9-win32-x86_64\bin\vcruntime140_1.dll
0x00007ff8b6020000 - 0x00007ff8b60ad000 	c:\Users\USER\.antigravity\extensions\redhat.java-1.52.0-win32-x64\jre\21.0.9-win32-x86_64\bin\msvcp140.dll
0x00007ff837c80000 - 0x00007ff838a20000 	c:\Users\USER\.antigravity\extensions\redhat.java-1.52.0-win32-x64\jre\21.0.9-win32-x86_64\bin\server\jvm.dll
0x00007ff8f8210000 - 0x00007ff8f82c4000 	C:\WINDOWS\System32\ADVAPI32.dll
0x00007ff8f8c50000 - 0x00007ff8f8cf6000 	C:\WINDOWS\System32\sechost.dll
0x00007ff8f8e70000 - 0x00007ff8f8f88000 	C:\WINDOWS\System32\RPCRT4.dll
0x00007ff8f8dc0000 - 0x00007ff8f8e34000 	C:\WINDOWS\System32\WS2_32.dll
0x00007ff8f5760000 - 0x00007ff8f57be000 	C:\WINDOWS\SYSTEM32\POWRPROF.dll
0x00007ff8e0f40000 - 0x00007ff8e0f75000 	C:\WINDOWS\SYSTEM32\WINMM.dll
0x00007ff8eb3c0000 - 0x00007ff8eb3cb000 	C:\WINDOWS\SYSTEM32\VERSION.dll
0x00007ff8f5740000 - 0x00007ff8f5754000 	C:\WINDOWS\SYSTEM32\UMPDC.dll
0x00007ff8f3d30000 - 0x00007ff8f3d4b000 	C:\WINDOWS\SYSTEM32\kernel.appcore.dll
0x00007ff8e0970000 - 0x00007ff8e097a000 	c:\Users\USER\.antigravity\extensions\redhat.java-1.52.0-win32-x64\jre\21.0.9-win32-x86_64\bin\jimage.dll
0x00007ff8f50b0000 - 0x00007ff8f52f2000 	C:\WINDOWS\SYSTEM32\DBGHELP.DLL
0x00007ff8f88c0000 - 0x00007ff8f8c46000 	C:\WINDOWS\System32\combase.dll
0x00007ff8f80c0000 - 0x00007ff8f8197000 	C:\WINDOWS\System32\OLEAUT32.dll
0x00007ff8f4fa0000 - 0x00007ff8f4fdb000 	C:\WINDOWS\SYSTEM32\dbgcore.DLL
0x00007ff8f6ae0000 - 0x00007ff8f6b85000 	C:\WINDOWS\System32\bcryptPrimitives.dll
0x00007ff8d75b0000 - 0x00007ff8d75bf000 	c:\Users\USER\.antigravity\extensions\redhat.java-1.52.0-win32-x64\jre\21.0.9-win32-x86_64\bin\instrument.dll
0x00007ff8dfe10000 - 0x00007ff8dfe30000 	c:\Users\USER\.antigravity\extensions\redhat.java-1.52.0-win32-x64\jre\21.0.9-win32-x86_64\bin\java.dll
0x00007ff8f6f90000 - 0x00007ff8f76e2000 	C:\WINDOWS\System32\SHELL32.dll
0x00007ff8f6b90000 - 0x00007ff8f6cfa000 	C:\WINDOWS\System32\wintypes.dll
0x00007ff8f5a50000 - 0x00007ff8f62b3000 	C:\WINDOWS\System32\windows.storage.dll
0x00007ff8f7e20000 - 0x00007ff8f7f16000 	C:\WINDOWS\System32\SHCORE.dll
0x00007ff8f81a0000 - 0x00007ff8f8207000 	C:\WINDOWS\System32\shlwapi.dll
0x00007ff8f5820000 - 0x00007ff8f5849000 	C:\WINDOWS\SYSTEM32\profapi.dll
0x00007ff8dfdb0000 - 0x00007ff8dfdc8000 	c:\Users\USER\.antigravity\extensions\redhat.java-1.52.0-win32-x64\jre\21.0.9-win32-x86_64\bin\zip.dll
0x00007ff8dfda0000 - 0x00007ff8dfdb0000 	C:\Users\USER\.antigravity\extensions\redhat.java-1.52.0-win32-x64\jre\21.0.9-win32-x86_64\bin\net.dll
0x00007ff8e5890000 - 0x00007ff8e59b7000 	C:\WINDOWS\SYSTEM32\WINHTTP.dll
0x00007ff8f4240000 - 0x00007ff8f42ab000 	C:\WINDOWS\system32\mswsock.dll
0x00007ff8dfd80000 - 0x00007ff8dfd96000 	C:\Users\USER\.antigravity\extensions\redhat.java-1.52.0-win32-x64\jre\21.0.9-win32-x86_64\bin\nio.dll
0x00007ff8e2a40000 - 0x00007ff8e2a50000 	c:\Users\USER\.antigravity\extensions\redhat.java-1.52.0-win32-x64\jre\21.0.9-win32-x86_64\bin\verify.dll

JVMTI agents:
c:\Users\USER\.antigravity\extensions\redhat.java-1.52.0-win32-x64\lombok\lombok-1.18.39-4050.jar path:c:\Users\USER\.antigravity\extensions\redhat.java-1.52.0-win32-x64\jre\21.0.9-win32-x86_64\bin\instrument.dll, loaded, initialized, instrumentlib options:none

dbghelp: loaded successfully - version: 4.0.5 - missing functions: none
symbol engine: initialized successfully - sym options: 0x614 - pdb path: .;c:\Users\USER\.antigravity\extensions\redhat.java-1.52.0-win32-x64\jre\21.0.9-win32-x86_64\bin;C:\WINDOWS\SYSTEM32;C:\WINDOWS\WinSxS\amd64_microsoft.windows.common-controls_6595b64144ccf1df_6.0.26100.7824_none_3e0870b2e3345462;c:\Users\USER\.antigravity\extensions\redhat.java-1.52.0-win32-x64\jre\21.0.9-win32-x86_64\bin\server

VM Arguments:
jvm_args: --add-modules=ALL-SYSTEM --add-opens=java.base/java.util=ALL-UNNAMED --add-opens=java.base/java.lang=ALL-UNNAMED --add-opens=java.base/sun.nio.fs=ALL-UNNAMED -Declipse.application=org.eclipse.jdt.ls.core.id1 -Dosgi.bundles.defaultStartLevel=4 -Declipse.product=org.eclipse.jdt.ls.core.product -Djava.import.generatesMetadataFilesAtProjectRoot=false -DDetectVMInstallationsJob.disabled=true -Dfile.encoding=utf8 -XX:+UseParallelGC -XX:GCTimeRatio=4 -XX:AdaptiveSizePolicyWeight=90 -Dsun.zip.disableMemoryMapping=true -Xmx2G -Xms100m -Xlog:disable -javaagent:c:\Users\USER\.antigravity\extensions\redhat.java-1.52.0-win32-x64\lombok\lombok-1.18.39-4050.jar 
java_command: c:\Users\USER\.antigravity\extensions\redhat.java-1.52.0-win32-x64\server\plugins\org.eclipse.equinox.launcher_1.7.100.v20251111-0406.jar -configuration c:\Users\USER\AppData\Roaming\Antigravity\User\globalStorage\redhat.java\1.52.0\config_ss_win -data c:\Users\USER\AppData\Roaming\Antigravity\User\workspaceStorage\782e17e61a45a20e5dc4846b1d9e4a99\redhat.java\ss_ws --pipe=\\.\pipe\lsp-cef3daa0aafb5bd7894b464f9143a5e7-sock
java_class_path (initial): c:\Users\USER\.antigravity\extensions\redhat.java-1.52.0-win32-x64\server\plugins\org.eclipse.equinox.launcher_1.7.100.v20251111-0406.jar
Launcher Type: SUN_STANDARD

[Global flags]
    uintx AdaptiveSizePolicyWeight                 = 90                                        {product} {command line}
     intx CICompilerCount                          = 4                                         {product} {ergonomic}
    uintx GCTimeRatio                              = 4                                         {product} {command line}
   size_t InitialHeapSize                          = 104857600                                 {product} {command line}
   size_t MaxHeapSize                              = 2147483648                                {product} {command line}
   size_t MaxNewSize                               = 715653120                                 {product} {ergonomic}
   size_t MinHeapDeltaBytes                        = 524288                                    {product} {ergonomic}
   size_t MinHeapSize                              = 104857600                                 {product} {command line}
   size_t NewSize                                  = 34603008                                  {product} {ergonomic}
    uintx NonNMethodCodeHeapSize                   = 5839372                                {pd product} {ergonomic}
    uintx NonProfiledCodeHeapSize                  = 122909434                              {pd product} {ergonomic}
   size_t OldSize                                  = 70254592                                  {product} {ergonomic}
    uintx ProfiledCodeHeapSize                     = 122909434                              {pd product} {ergonomic}
    uintx ReservedCodeCacheSize                    = 251658240                              {pd product} {ergonomic}
     bool SegmentedCodeCache                       = true                                      {product} {ergonomic}
   size_t SoftMaxHeapSize                          = 2147483648                             {manageable} {ergonomic}
     bool UseCompressedOops                        = true                           {product lp64_product} {ergonomic}
     bool UseLargePagesIndividualAllocation        = false                                  {pd product} {ergonomic}
     bool UseParallelGC                            = true                                      {product} {command line}

Logging:
Log output configuration:
 #0: stdout all=off uptime,level,tags foldmultilines=false
 #1: stderr all=off uptime,level,tags foldmultilines=false

Release file:
JAVA_VERSION="21.0.9" 
MODULES="java.base java.compiler java.datatransfer java.xml java.prefs java.desktop java.instrument java.logging java.management java.security.sasl java.naming java.rmi java.management.rmi java.net.http java.scripting java.security.jgss java.transaction.xa java.sql java.sql.rowset java.xml.crypto java.se java.smartcardio jdk.accessibility jdk.internal.jvmstat jdk.attach jdk.charsets jdk.internal.opt jdk.zipfs jdk.compiler jdk.crypto.ec jdk.crypto.cryptoki jdk.crypto.mscapi jdk.dynalink jdk.internal.ed jdk.editpad jdk.hotspot.agent jdk.httpserver jdk.internal.le jdk.internal.vm.ci jdk.internal.vm.compiler jdk.internal.vm.compiler.management jdk.jartool jdk.javadoc jdk.jcmd jdk.management jdk.management.agent jdk.jconsole jdk.jdeps jdk.jdwp.agent jdk.jdi jdk.jfr jdk.jshell jdk.jsobject jdk.jstatd jdk.localedata jdk.management.jfr jdk.naming.dns jdk.naming.rmi jdk.net jdk.nio.mapmode jdk.random jdk.sctp jdk.security.auth jdk.security.jgss jdk.unsupported jdk.unsupported.desktop jdk.xml.dom" 

Environment Variables:
JAVA_HOME=C:\Program Files\Eclipse Adoptium\jdk-17.0.16.8-hotspot
PATH=C:\Program Files\Eclipse Adoptium\jdk-21.0.9.10-hotspot\bin;C:\WINDOWS\system32;C:\WINDOWS;C:\WINDOWS\System32\Wbem;C:\WINDOWS\System32\WindowsPowerShell\v1.0\;C:\WINDOWS\System32\OpenSSH\;C:\Program Files\cursor\resources\app\bin;C:\Program Files\nodejs\;C:\Program Files\Git\cmd;C:\Users\USER\AppData\Local\Microsoft\WindowsApps;C:\Users\USER\AppData\Local\Programs\Microsoft VS Code\bin;C:\Users\USER\AppData\Roaming\npm;C:\Program Files\Eclipse Adoptium\jdk-17.0.16.8-hotspot\bin;C:\Users\USER\AppData\Local\Android\Sdk\platform-tools;C:\Users\USER\AppData\Local\Microsoft\WindowsApps;C:\Users\USER\AppData\Local\Programs\Microsoft VS Code\bin;C:\Users\USER\AppData\Roaming\npm;C:\Users\USER\AppData\Local\Programs\Antigravity\bin
USERNAME=USER
OS=Windows_NT
PROCESSOR_IDENTIFIER=Intel64 Family 6 Model 142 Stepping 10, GenuineIntel
TMP=C:\Users\USER\AppData\Local\Temp
TEMP=C:\Users\USER\AppData\Local\Temp




Periodic native trim disabled

---------------  S Y S T E M  ---------------

OS:
 Windows 11 , 64 bit Build 26100 (10.0.26100.7705)
OS uptime: 1 days 20:07 hours
Hyper-V role detected

CPU: total 8 (initial active 8) (4 cores per cpu, 2 threads per core) family 6 model 142 stepping 10 microcode 0xf6, cx8, cmov, fxsr, ht, mmx, 3dnowpref, sse, sse2, sse3, ssse3, sse4.1, sse4.2, popcnt, lzcnt, tsc, tscinvbit, avx, avx2, aes, erms, clmul, bmi1, bmi2, rtm, adx, fma, vzeroupper, clflush, clflushopt, hv, rdtscp, f16c
Processor Information for the first 8 processors :
  Max Mhz: 1896, Current Mhz: 1696, Mhz Limit: 1687

Memory: 4k page, system-wide physical 8035M (975M free)
TotalPageFile size 32611M (AvailPageFile size 0M)
current process WorkingSet (physical memory assigned to process): 12M, peak: 86M
current process commit charge ("private bytes"): 234M, peak: 238M

vm_info: OpenJDK 64-Bit Server VM (21.0.9+10-LTS) for windows-amd64 JRE (21.0.9+10-LTS), built on 2025-10-21T00:00:00Z by "admin" with unknown MS VC++:1942

END.
