#
# There is insufficient memory for the Java Runtime Environment to continue.
# Native memory allocation (malloc) failed to allocate 210160 bytes. Error detail: Chunk::new
# Possible reasons:
#   The system is out of physical RAM or swap space
#   This process is running with CompressedOops enabled, and the Java Heap may be blocking the growth of the native heap
# Possible solutions:
#   Reduce memory load on the system
#   Increase physical memory or swap space
#   Check if swap backing store is full
#   Decrease Java heap size (-Xmx/-Xms)
#   Decrease number of Java threads
#   Decrease Java thread stack sizes (-Xss)
#   Set larger code cache with -XX:ReservedCodeCacheSize=
#   JVM is running with Unscaled Compressed Oops mode in which the Java heap is
#     placed in the first 4GB address space. The Java Heap base address is the
#     maximum limit for the native heap growth. Please use -XX:HeapBaseMinAddress
#     to set the Java Heap base and to place the Java Heap above 4GB virtual address.
# This output file may be truncated or incomplete.
#
#  Out of Memory Error (arena.cpp:168), pid=21516, tid=10608
#
# JRE version: OpenJDK Runtime Environment Temurin-21.0.9+10 (21.0.9+10) (build 21.0.9+10-LTS)
# Java VM: OpenJDK 64-Bit Server VM Temurin-21.0.9+10 (21.0.9+10-LTS, mixed mode, sharing, tiered, compressed oops, compressed class ptrs, parallel gc, windows-amd64)
# No core dump will be written. Minidumps are not enabled by default on client versions of Windows
#

---------------  S U M M A R Y ------------

Command Line: --add-modules=ALL-SYSTEM --add-opens=java.base/java.util=ALL-UNNAMED --add-opens=java.base/java.lang=ALL-UNNAMED --add-opens=java.base/sun.nio.fs=ALL-UNNAMED -Declipse.application=org.eclipse.jdt.ls.core.id1 -Dosgi.bundles.defaultStartLevel=4 -Declipse.product=org.eclipse.jdt.ls.core.product -Djava.import.generatesMetadataFilesAtProjectRoot=false -DDetectVMInstallationsJob.disabled=true -Dfile.encoding=utf8 -XX:+UseParallelGC -XX:GCTimeRatio=4 -XX:AdaptiveSizePolicyWeight=90 -Dsun.zip.disableMemoryMapping=true -Xmx2G -Xms100m -Xlog:disable -javaagent:c:\Users\USER\.antigravity\extensions\redhat.java-1.52.0-win32-x64\lombok\lombok-1.18.39-4050.jar -XX:+HeapDumpOnOutOfMemoryError -XX:HeapDumpPath=c:\Users\USER\AppData\Roaming\Antigravity\User\workspaceStorage\782e17e61a45a20e5dc4846b1d9e4a99\redhat.java -Daether.dependencyCollector.impl=bf c:\Users\USER\.antigravity\extensions\redhat.java-1.52.0-win32-x64\server\plugins\org.eclipse.equinox.launcher_1.7.100.v20251111-0406.jar -configuration c:\Users\USER\AppData\Roaming\Antigravity\User\globalStorage\redhat.java\1.52.0\config_win -data c:\Users\USER\AppData\Roaming\Antigravity\User\workspaceStorage\782e17e61a45a20e5dc4846b1d9e4a99\redhat.java\jdt_ws --pipe=\\.\pipe\lsp-01eed88cebc82c74cce3e84b8505cc24-sock

Host: Intel(R) Core(TM) i5-8350U CPU @ 1.70GHz, 8 cores, 7G,  Windows 11 , 64 bit Build 26100 (10.0.26100.7623)
Time: Thu Feb  5 17:07:34 2026 W. Central Africa Standard Time elapsed time: 19.822707 seconds (0d 0h 0m 19s)

---------------  T H R E A D  ---------------

Current thread (0x000001b67d206190):  JavaThread "C2 CompilerThread1" daemon [_thread_in_native, id=10608, stack(0x0000009183100000,0x0000009183200000) (1024K)]


Current CompileTask:
C2:19822 2522   !   4       java.io.BufferedInputStream::read (69 bytes)

Stack: [0x0000009183100000,0x0000009183200000]
Native frames: (J=compiled Java code, j=interpreted, Vv=VM code, C=native code)
V  [jvm.dll+0x6d6e29]
V  [jvm.dll+0x8b4b76]
V  [jvm.dll+0x8b712e]
V  [jvm.dll+0x8b7813]
V  [jvm.dll+0x283d86]
V  [jvm.dll+0xc66ed]
V  [jvm.dll+0xc6c31]
V  [jvm.dll+0x3be53b]
V  [jvm.dll+0x38ab92]
V  [jvm.dll+0x389fda]
V  [jvm.dll+0x24bfa0]
V  [jvm.dll+0x24b580]
V  [jvm.dll+0x1cb13e]
V  [jvm.dll+0x25b29d]
V  [jvm.dll+0x25982a]
V  [jvm.dll+0x3f7ea6]
V  [jvm.dll+0x85e9ad]
V  [jvm.dll+0x6d565d]
C  [ucrtbase.dll+0x37b0]
C  [KERNEL32.DLL+0x2e8d7]
C  [ntdll.dll+0x8c53c]


---------------  P R O C E S S  ---------------

Threads class SMR info:
_java_thread_list=0x000001b678987e40, length=18, elements={
0x000001b61ee6c100, 0x000001b61edddb30, 0x000001b61ede1b20, 0x000001b61ede4e10,
0x000001b61ede7970, 0x000001b61ede9920, 0x000001b61edefac0, 0x000001b61edf5510,
0x000001b678128100, 0x000001b6782fea40, 0x000001b6782ff0d0, 0x000001b6782ff760,
0x000001b6782ffdf0, 0x000001b6782fe3b0, 0x000001b6782fc970, 0x000001b6782fd000,
0x000001b6782fd690, 0x000001b67d206190
}

Java Threads: ( => current thread )
  0x000001b61ee6c100 JavaThread "main"                              [_thread_blocked, id=20792, stack(0x0000009181600000,0x0000009181700000) (1024K)]
  0x000001b61edddb30 JavaThread "Reference Handler"          daemon [_thread_blocked, id=8436, stack(0x0000009181a00000,0x0000009181b00000) (1024K)]
  0x000001b61ede1b20 JavaThread "Finalizer"                  daemon [_thread_blocked, id=20372, stack(0x0000009181b00000,0x0000009181c00000) (1024K)]
  0x000001b61ede4e10 JavaThread "Signal Dispatcher"          daemon [_thread_blocked, id=15892, stack(0x0000009181c00000,0x0000009181d00000) (1024K)]
  0x000001b61ede7970 JavaThread "Attach Listener"            daemon [_thread_blocked, id=5848, stack(0x0000009181d00000,0x0000009181e00000) (1024K)]
  0x000001b61ede9920 JavaThread "Service Thread"             daemon [_thread_blocked, id=17400, stack(0x0000009181e00000,0x0000009181f00000) (1024K)]
  0x000001b61edefac0 JavaThread "Monitor Deflation Thread"   daemon [_thread_blocked, id=20152, stack(0x0000009181f00000,0x0000009182000000) (1024K)]
  0x000001b61edf5510 JavaThread "C2 CompilerThread0"         daemon [_thread_blocked, id=6976, stack(0x0000009182000000,0x0000009182100000) (1024K)]
  0x000001b678128100 JavaThread "C1 CompilerThread0"         daemon [_thread_blocked, id=20912, stack(0x0000009182100000,0x0000009182200000) (1024K)]
  0x000001b6782fea40 JavaThread "Common-Cleaner"             daemon [_thread_blocked, id=1832, stack(0x0000009182200000,0x0000009182300000) (1024K)]
  0x000001b6782ff0d0 JavaThread "Notification Thread"        daemon [_thread_blocked, id=5040, stack(0x0000009182300000,0x0000009182400000) (1024K)]
  0x000001b6782ff760 JavaThread "Active Thread: Equinox Container: dedc265b-9b80-4782-823a-d15baf0c41c5"        [_thread_blocked, id=21416, stack(0x0000009182a00000,0x0000009182b00000) (1024K)]
  0x000001b6782ffdf0 JavaThread "Refresh Thread: Equinox Container: dedc265b-9b80-4782-823a-d15baf0c41c5" daemon [_thread_blocked, id=9200, stack(0x0000009182c00000,0x0000009182d00000) (1024K)]
  0x000001b6782fe3b0 JavaThread "Framework Event Dispatcher: Equinox Container: dedc265b-9b80-4782-823a-d15baf0c41c5" daemon [_thread_blocked, id=20772, stack(0x0000009182d00000,0x0000009182e00000) (1024K)]
  0x000001b6782fc970 JavaThread "Start Level: Equinox Container: dedc265b-9b80-4782-823a-d15baf0c41c5" daemon [_thread_in_vm, id=21960, stack(0x0000009182e00000,0x0000009182f00000) (1024K)]
  0x000001b6782fd000 JavaThread "Bundle File Closer"         daemon [_thread_blocked, id=16812, stack(0x0000009182f00000,0x0000009183000000) (1024K)]
  0x000001b6782fd690 JavaThread "SCR Component Actor"        daemon [_thread_blocked, id=22260, stack(0x0000009183000000,0x0000009183100000) (1024K)]
=>0x000001b67d206190 JavaThread "C2 CompilerThread1"         daemon [_thread_in_native, id=10608, stack(0x0000009183100000,0x0000009183200000) (1024K)]
Total: 18

Other Threads:
  0x000001b61c922570 VMThread "VM Thread"                           [id=7572, stack(0x0000009181900000,0x0000009181a00000) (1024K)] _threads_hazard_ptr=0x000001b678987e40
  0x000001b61ecfca00 WatcherThread "VM Periodic Task Thread"        [id=19128, stack(0x0000009181800000,0x0000009181900000) (1024K)]
  0x000001b61c922910 WorkerThread "GC Thread#0"                     [id=19316, stack(0x0000009181700000,0x0000009181800000) (1024K)]
  0x000001b61c921e30 WorkerThread "GC Thread#1"                     [id=5740, stack(0x0000009182400000,0x0000009182500000) (1024K)]
  0x000001b61c9216f0 WorkerThread "GC Thread#2"                     [id=15132, stack(0x0000009182500000,0x0000009182600000) (1024K)]
  0x000001b61c921a90 WorkerThread "GC Thread#3"                     [id=10848, stack(0x0000009182600000,0x0000009182700000) (1024K)]
  0x000001b678951a20 WorkerThread "GC Thread#4"                     [id=21228, stack(0x0000009182700000,0x0000009182800000) (1024K)]
  0x000001b678950460 WorkerThread "GC Thread#5"                     [id=304, stack(0x0000009182800000,0x0000009182900000) (1024K)]
  0x000001b6789500c0 WorkerThread "GC Thread#6"                     [id=7048, stack(0x0000009182900000,0x0000009182a00000) (1024K)]
  0x000001b678952500 WorkerThread "GC Thread#7"                     [id=22360, stack(0x0000009182b00000,0x0000009182c00000) (1024K)]
Total: 10

Threads with active compile tasks:
C2 CompilerThread1  19886 2522   !   4       java.io.BufferedInputStream::read (69 bytes)
Total: 1

VM state: synchronizing (normal execution)

VM Mutex/Monitor currently owned by a thread:  ([mutex/lock_event])
[0x00007ffd4641b4f0] Metaspace_lock - owner thread: 0x000001b6782fc970
[0x00007ffd4641d570] Threads_lock - owner thread: 0x000001b61c922570

Heap address: 0x0000000080000000, size: 2048 MB, Compressed Oops mode: 32-bit

CDS archive(s) mapped at: [0x000001b636000000-0x000001b636ba0000-0x000001b636ba0000), size 12189696, SharedBaseAddress: 0x000001b636000000, ArchiveRelocationMode: 1.
Compressed class space mapped at: 0x000001b637000000-0x000001b677000000, reserved size: 1073741824
Narrow klass base: 0x000001b636000000, Narrow klass shift: 0, Narrow klass range: 0x100000000

GC Precious Log:
 CardTable entry size: 512
 CPUs: 8 total, 8 available
 Memory: 8035M
 Large Page Support: Disabled
 NUMA Support: Disabled
 Compressed Oops: Enabled (32-bit)
 Alignments: Space 512K, Generation 512K, Heap 2M
 Heap Min Capacity: 100M
 Heap Initial Capacity: 100M
 Heap Max Capacity: 2G
 Pre-touch: Disabled
 Parallel Workers: 8

Heap:
 PSYoungGen      total 29696K, used 13088K [0x00000000d5580000, 0x00000000d7680000, 0x0000000100000000)
  eden space 25600K, 35% used [0x00000000d5580000,0x00000000d5e49cc8,0x00000000d6e80000)
  from space 4096K, 99% used [0x00000000d7280000,0x00000000d767e5d0,0x00000000d7680000)
  to   space 4096K, 0% used [0x00000000d6e80000,0x00000000d6e80000,0x00000000d7280000)
 ParOldGen       total 68608K, used 6676K [0x0000000080000000, 0x0000000084300000, 0x00000000d5580000)
  object space 68608K, 9% used [0x0000000080000000,0x00000000806850b0,0x0000000084300000)
 Metaspace       used 12885K, committed 13312K, reserved 1114112K
  class space    used 1362K, committed 1600K, reserved 1048576K

Card table byte_map: [0x000001b61e810000,0x000001b61ec20000] _byte_map_base: 0x000001b61e410000

Marking Bits: (ParMarkBitMap*) 0x00007ffd46422460
 Begin Bits: [0x000001b631320000, 0x000001b633320000)
 End Bits:   [0x000001b633320000, 0x000001b635320000)

Polling page: 0x000001b61cc20000

Metaspace:

Usage:
  Non-class:     11.25 MB used.
      Class:      1.33 MB used.
       Both:     12.58 MB used.

Virtual space:
  Non-class space:       64.00 MB reserved,      11.44 MB ( 18%) committed,  1 nodes.
      Class space:        1.00 GB reserved,       1.56 MB ( <1%) committed,  1 nodes.
             Both:        1.06 GB reserved,      13.00 MB (  1%) committed. 

Chunk freelists:
   Non-Class:  4.18 MB
       Class:  14.49 MB
        Both:  18.67 MB

MaxMetaspaceSize: unlimited
CompressedClassSpaceSize: 1.00 GB
Initial GC threshold: 21.00 MB
Current GC threshold: 21.00 MB
CDS: on
 - commit_granule_bytes: 65536.
 - commit_granule_words: 8192.
 - virtual_space_node_default_size: 8388608.
 - enlarge_chunks_in_place: 1.
 - use_allocation_guard: 0.


Internal statistics:

num_allocs_failed_limit: 0.
num_arena_births: 318.
num_arena_deaths: 0.
num_vsnodes_births: 2.
num_vsnodes_deaths: 0.
num_space_committed: 208.
num_space_uncommitted: 0.
num_chunks_returned_to_freelist: 0.
num_chunks_taken_from_freelist: 716.
num_chunk_merges: 0.
num_chunk_splits: 455.
num_chunks_enlarged: 301.
num_inconsistent_stats: 0.

CodeHeap 'non-profiled nmethods': size=120000Kb used=1134Kb max_used=1134Kb free=118865Kb
 bounds [0x000001b629b40000, 0x000001b629db0000, 0x000001b631070000]
CodeHeap 'profiled nmethods': size=120000Kb used=5457Kb max_used=5457Kb free=114542Kb
 bounds [0x000001b622070000, 0x000001b6225d0000, 0x000001b6295a0000]
CodeHeap 'non-nmethods': size=5760Kb used=1244Kb max_used=1266Kb free=4515Kb
 bounds [0x000001b6295a0000, 0x000001b629810000, 0x000001b629b40000]
CodeCache: size=245760Kb, used=7835Kb, max_used=7857Kb, free=237922Kb
 total_blobs=3255, nmethods=2745, adapters=416, full_count=0
Compilation: enabled, stopped_count=0, restarted_count=0

Compilation events (20 events):
Event: 10.837 Thread 0x000001b678643bd0 nmethod 2520 0x000001b629c41c10 code [0x000001b629c41dc0, 0x000001b629c41f60]
Event: 10.838 Thread 0x000001b678643bd0 2529   !   4       java.io.BufferedInputStream::read (54 bytes)
Event: 10.841 Thread 0x000001b61edf5510 nmethod 2523 0x000001b629c42110 code [0x000001b629c423e0, 0x000001b629c43c08]
Event: 10.845 Thread 0x000001b61edf5510 2530       4       java.io.DataInputStream::readByte (6 bytes)
Event: 10.850 Thread 0x000001b678643bd0 nmethod 2529 0x000001b629c44a10 code [0x000001b629c44c20, 0x000001b629c451c0]
Event: 10.851 Thread 0x000001b678643bd0 2527       4       java.util.concurrent.locks.AbstractQueuedSynchronizer::release (19 bytes)
Event: 10.852 Thread 0x000001b678128100 2544       3       jdk.internal.misc.Unsafe::weakCompareAndSetReference (11 bytes)
Event: 10.852 Thread 0x000001b678128100 nmethod 2544 0x000001b62255ad10 code [0x000001b62255aea0, 0x000001b62255afe0]
Event: 10.854 Thread 0x000001b678643bd0 nmethod 2527 0x000001b629c45a90 code [0x000001b629c45c40, 0x000001b629c45df0]
Event: 10.854 Thread 0x000001b678643bd0 2525       4       java.util.concurrent.locks.ReentrantLock$Sync::lock (13 bytes)
Event: 10.855 Thread 0x000001b678643bd0 nmethod 2525 0x000001b629c45f90 code [0x000001b629c46120, 0x000001b629c46268]
Event: 10.855 Thread 0x000001b678643bd0 2526       4       java.util.Objects::checkFromIndexSize (8 bytes)
Event: 10.856 Thread 0x000001b678643bd0 nmethod 2526 0x000001b629c46390 code [0x000001b629c46520, 0x000001b629c465e8]
Event: 11.705 Thread 0x000001b678128100 2547       3       jdk.internal.misc.Unsafe::putReferenceOpaque (9 bytes)
Event: 12.883 Thread 0x000001b678128100 nmethod 2547 0x000001b62255b090 code [0x000001b62255b220, 0x000001b62255b350]
Event: 12.883 Thread 0x000001b678128100 2550  s    3       org.eclipse.osgi.framework.eventmgr.ListenerQueue::queueListeners (37 bytes)
Event: 12.883 Thread 0x000001b678128100 nmethod 2550 0x000001b62255b410 code [0x000001b62255b600, 0x000001b62255bab8]
Event: 12.883 Thread 0x000001b61edf5510 nmethod 2530 0x000001b629c46e90 code [0x000001b629c470c0, 0x000001b629c478c0]
Event: 12.883 Thread 0x000001b678128100 2548       3       java.util.concurrent.locks.LockSupport::setBlocker (12 bytes)
Event: 12.884 Thread 0x000001b678128100 nmethod 2548 0x000001b62255bc10 code [0x000001b62255bdc0, 0x000001b62255bfc8]

GC Heap History (8 events):
Event: 2.505 GC heap before
{Heap before GC invocations=1 (full 0):
 PSYoungGen      total 29696K, used 25600K [0x00000000d5580000, 0x00000000d7680000, 0x0000000100000000)
  eden space 25600K, 100% used [0x00000000d5580000,0x00000000d6e80000,0x00000000d6e80000)
  from space 4096K, 0% used [0x00000000d7280000,0x00000000d7280000,0x00000000d7680000)
  to   space 4096K, 0% used [0x00000000d6e80000,0x00000000d6e80000,0x00000000d7280000)
 ParOldGen       total 68608K, used 0K [0x0000000080000000, 0x0000000084300000, 0x00000000d5580000)
  object space 68608K, 0% used [0x0000000080000000,0x0000000080000000,0x0000000084300000)
 Metaspace       used 4341K, committed 4608K, reserved 1114112K
  class space    used 472K, committed 576K, reserved 1048576K
}
Event: 2.515 GC heap after
{Heap after GC invocations=1 (full 0):
 PSYoungGen      total 29696K, used 3319K [0x00000000d5580000, 0x00000000d7680000, 0x0000000100000000)
  eden space 25600K, 0% used [0x00000000d5580000,0x00000000d5580000,0x00000000d6e80000)
  from space 4096K, 81% used [0x00000000d6e80000,0x00000000d71bdea8,0x00000000d7280000)
  to   space 4096K, 0% used [0x00000000d7280000,0x00000000d7280000,0x00000000d7680000)
 ParOldGen       total 68608K, used 16K [0x0000000080000000, 0x0000000084300000, 0x00000000d5580000)
  object space 68608K, 0% used [0x0000000080000000,0x0000000080004000,0x0000000084300000)
 Metaspace       used 4341K, committed 4608K, reserved 1114112K
  class space    used 472K, committed 576K, reserved 1048576K
}
Event: 4.240 GC heap before
{Heap before GC invocations=2 (full 0):
 PSYoungGen      total 29696K, used 28919K [0x00000000d5580000, 0x00000000d7680000, 0x0000000100000000)
  eden space 25600K, 100% used [0x00000000d5580000,0x00000000d6e80000,0x00000000d6e80000)
  from space 4096K, 81% used [0x00000000d6e80000,0x00000000d71bdea8,0x00000000d7280000)
  to   space 4096K, 0% used [0x00000000d7280000,0x00000000d7280000,0x00000000d7680000)
 ParOldGen       total 68608K, used 16K [0x0000000080000000, 0x0000000084300000, 0x00000000d5580000)
  object space 68608K, 0% used [0x0000000080000000,0x0000000080004000,0x0000000084300000)
 Metaspace       used 7948K, committed 8192K, reserved 1114112K
  class space    used 830K, committed 960K, reserved 1048576K
}
Event: 4.251 GC heap after
{Heap after GC invocations=2 (full 0):
 PSYoungGen      total 29696K, used 4071K [0x00000000d5580000, 0x00000000d7680000, 0x0000000100000000)
  eden space 25600K, 0% used [0x00000000d5580000,0x00000000d5580000,0x00000000d6e80000)
  from space 4096K, 99% used [0x00000000d7280000,0x00000000d7679e98,0x00000000d7680000)
  to   space 4096K, 0% used [0x00000000d6e80000,0x00000000d6e80000,0x00000000d7280000)
 ParOldGen       total 68608K, used 1989K [0x0000000080000000, 0x0000000084300000, 0x00000000d5580000)
  object space 68608K, 2% used [0x0000000080000000,0x00000000801f1768,0x0000000084300000)
 Metaspace       used 7948K, committed 8192K, reserved 1114112K
  class space    used 830K, committed 960K, reserved 1048576K
}
Event: 5.073 GC heap before
{Heap before GC invocations=3 (full 0):
 PSYoungGen      total 29696K, used 29671K [0x00000000d5580000, 0x00000000d7680000, 0x0000000100000000)
  eden space 25600K, 100% used [0x00000000d5580000,0x00000000d6e80000,0x00000000d6e80000)
  from space 4096K, 99% used [0x00000000d7280000,0x00000000d7679e98,0x00000000d7680000)
  to   space 4096K, 0% used [0x00000000d6e80000,0x00000000d6e80000,0x00000000d7280000)
 ParOldGen       total 68608K, used 1989K [0x0000000080000000, 0x0000000084300000, 0x00000000d5580000)
  object space 68608K, 2% used [0x0000000080000000,0x00000000801f1768,0x0000000084300000)
 Metaspace       used 9411K, committed 9728K, reserved 1114112K
  class space    used 1005K, committed 1152K, reserved 1048576K
}
Event: 5.083 GC heap after
{Heap after GC invocations=3 (full 0):
 PSYoungGen      total 29696K, used 4090K [0x00000000d5580000, 0x00000000d7680000, 0x0000000100000000)
  eden space 25600K, 0% used [0x00000000d5580000,0x00000000d5580000,0x00000000d6e80000)
  from space 4096K, 99% used [0x00000000d6e80000,0x00000000d727e8f0,0x00000000d7280000)
  to   space 4096K, 0% used [0x00000000d7280000,0x00000000d7280000,0x00000000d7680000)
 ParOldGen       total 68608K, used 4927K [0x0000000080000000, 0x0000000084300000, 0x00000000d5580000)
  object space 68608K, 7% used [0x0000000080000000,0x00000000804cfc18,0x0000000084300000)
 Metaspace       used 9411K, committed 9728K, reserved 1114112K
  class space    used 1005K, committed 1152K, reserved 1048576K
}
Event: 6.881 GC heap before
{Heap before GC invocations=4 (full 0):
 PSYoungGen      total 29696K, used 29690K [0x00000000d5580000, 0x00000000d7680000, 0x0000000100000000)
  eden space 25600K, 100% used [0x00000000d5580000,0x00000000d6e80000,0x00000000d6e80000)
  from space 4096K, 99% used [0x00000000d6e80000,0x00000000d727e8f0,0x00000000d7280000)
  to   space 4096K, 0% used [0x00000000d7280000,0x00000000d7280000,0x00000000d7680000)
 ParOldGen       total 68608K, used 4927K [0x0000000080000000, 0x0000000084300000, 0x00000000d5580000)
  object space 68608K, 7% used [0x0000000080000000,0x00000000804cfc18,0x0000000084300000)
 Metaspace       used 11694K, committed 12096K, reserved 1114112K
  class space    used 1239K, committed 1408K, reserved 1048576K
}
Event: 6.889 GC heap after
{Heap after GC invocations=4 (full 0):
 PSYoungGen      total 29696K, used 4089K [0x00000000d5580000, 0x00000000d7680000, 0x0000000100000000)
  eden space 25600K, 0% used [0x00000000d5580000,0x00000000d5580000,0x00000000d6e80000)
  from space 4096K, 99% used [0x00000000d7280000,0x00000000d767e5d0,0x00000000d7680000)
  to   space 4096K, 0% used [0x00000000d6e80000,0x00000000d6e80000,0x00000000d7280000)
 ParOldGen       total 68608K, used 6676K [0x0000000080000000, 0x0000000084300000, 0x00000000d5580000)
  object space 68608K, 9% used [0x0000000080000000,0x00000000806850b0,0x0000000084300000)
 Metaspace       used 11694K, committed 12096K, reserved 1114112K
  class space    used 1239K, committed 1408K, reserved 1048576K
}

Dll operation events (9 events):
Event: 0.080 Loaded shared library c:\Users\USER\.antigravity\extensions\redhat.java-1.52.0-win32-x64\jre\21.0.9-win32-x86_64\bin\java.dll
Event: 0.218 Loaded shared library c:\Users\USER\.antigravity\extensions\redhat.java-1.52.0-win32-x64\jre\21.0.9-win32-x86_64\bin\zip.dll
Event: 0.265 Loaded shared library C:\Users\USER\.antigravity\extensions\redhat.java-1.52.0-win32-x64\jre\21.0.9-win32-x86_64\bin\instrument.dll
Event: 0.275 Loaded shared library C:\Users\USER\.antigravity\extensions\redhat.java-1.52.0-win32-x64\jre\21.0.9-win32-x86_64\bin\net.dll
Event: 0.278 Loaded shared library C:\Users\USER\.antigravity\extensions\redhat.java-1.52.0-win32-x64\jre\21.0.9-win32-x86_64\bin\nio.dll
Event: 0.285 Loaded shared library C:\Users\USER\.antigravity\extensions\redhat.java-1.52.0-win32-x64\jre\21.0.9-win32-x86_64\bin\zip.dll
Event: 0.340 Loaded shared library C:\Users\USER\.antigravity\extensions\redhat.java-1.52.0-win32-x64\jre\21.0.9-win32-x86_64\bin\jimage.dll
Event: 0.724 Loaded shared library c:\Users\USER\.antigravity\extensions\redhat.java-1.52.0-win32-x64\jre\21.0.9-win32-x86_64\bin\verify.dll
Event: 4.349 Loaded shared library C:\Users\USER\AppData\Roaming\Antigravity\User\globalStorage\redhat.java\1.52.0\config_win\org.eclipse.equinox.launcher\org.eclipse.equinox.launcher.win32.win32.x86_64_1.2.1500.v20260121-1430\eclipse_11919.dll

Deoptimization events (20 events):
Event: 5.306 Thread 0x000001b6782fc970 DEOPT PACKING pc=0x000001b6224703c9 sp=0x0000009182efd0e0
Event: 5.306 Thread 0x000001b6782fc970 DEOPT UNPACKING pc=0x000001b6295f4242 sp=0x0000009182efc550 mode 0
Event: 5.358 Thread 0x000001b6782fc970 DEOPT PACKING pc=0x000001b622470eda sp=0x0000009182efd300
Event: 5.358 Thread 0x000001b6782fc970 DEOPT UNPACKING pc=0x000001b6295f4242 sp=0x0000009182efc790 mode 0
Event: 5.358 Thread 0x000001b6782fc970 DEOPT PACKING pc=0x000001b622470eda sp=0x0000009182efd300
Event: 5.358 Thread 0x000001b6782fc970 DEOPT UNPACKING pc=0x000001b6295f4242 sp=0x0000009182efc790 mode 0
Event: 5.444 Thread 0x000001b6782fc970 Uncommon trap: trap_request=0xffffff45 fr.pc=0x000001b629baf268 relative=0x00000000000001a8
Event: 5.444 Thread 0x000001b6782fc970 Uncommon trap: reason=unstable_if action=reinterpret pc=0x000001b629baf268 method=java.lang.String.startsWith(Ljava/lang/String;I)Z @ 50 c2
Event: 5.444 Thread 0x000001b6782fc970 DEOPT PACKING pc=0x000001b629baf268 sp=0x0000009182efe140
Event: 5.444 Thread 0x000001b6782fc970 DEOPT UNPACKING pc=0x000001b6295f3aa2 sp=0x0000009182efe070 mode 2
Event: 5.469 Thread 0x000001b6782fc970 DEOPT PACKING pc=0x000001b6224703c9 sp=0x0000009182efd530
Event: 5.469 Thread 0x000001b6782fc970 DEOPT UNPACKING pc=0x000001b6295f4242 sp=0x0000009182efc9b8 mode 0
Event: 6.522 Thread 0x000001b6782fc970 Uncommon trap: trap_request=0xffffff45 fr.pc=0x000001b629c2c428 relative=0x0000000000000708
Event: 6.522 Thread 0x000001b6782fc970 Uncommon trap: reason=unstable_if action=reinterpret pc=0x000001b629c2c428 method=org.eclipse.osgi.framework.util.CaseInsensitiveDictionaryMap.findCommonKeyIndex(Ljava/lang/String;)Lorg/eclipse/osgi/framework/util/CaseInsensitiveDictionaryMap$CaseInsensit
Event: 6.522 Thread 0x000001b6782fc970 DEOPT PACKING pc=0x000001b629c2c428 sp=0x0000009182efe1c0
Event: 6.522 Thread 0x000001b6782fc970 DEOPT UNPACKING pc=0x000001b6295f3aa2 sp=0x0000009182efe150 mode 2
Event: 6.904 Thread 0x000001b6782fc970 Uncommon trap: trap_request=0xffffff45 fr.pc=0x000001b629be84b8 relative=0x0000000000001538
Event: 6.904 Thread 0x000001b6782fc970 Uncommon trap: reason=unstable_if action=reinterpret pc=0x000001b629be84b8 method=java.io.WinNTFileSystem.normalize(Ljava/lang/String;II)Ljava/lang/String; @ 100 c2
Event: 6.904 Thread 0x000001b6782fc970 DEOPT PACKING pc=0x000001b629be84b8 sp=0x0000009182ef8ed0
Event: 6.904 Thread 0x000001b6782fc970 DEOPT UNPACKING pc=0x000001b6295f3aa2 sp=0x0000009182ef8e10 mode 2

Classes loaded (20 events):
Event: 7.729 Loading class java/util/stream/LongPipeline
Event: 7.729 Loading class java/util/stream/LongStream
Event: 7.730 Loading class java/util/stream/LongStream done
Event: 7.730 Loading class java/util/stream/LongPipeline done
Event: 7.730 Loading class java/util/stream/LongPipeline$StatelessOp done
Event: 7.730 Loading class java/util/stream/ReferencePipeline$5 done
Event: 7.730 Loading class java/util/function/LongBinaryOperator
Event: 7.730 Loading class java/util/function/LongBinaryOperator done
Event: 7.731 Loading class java/util/stream/ReduceOps$10
Event: 7.769 Loading class java/util/stream/ReduceOps$10 done
Event: 7.769 Loading class java/util/stream/ReduceOps$8ReducingSink
Event: 7.769 Loading class java/util/stream/Sink$OfLong
Event: 7.769 Loading class java/util/stream/Sink$OfLong done
Event: 7.769 Loading class java/util/stream/ReduceOps$8ReducingSink done
Event: 7.770 Loading class java/util/stream/ReferencePipeline$5$1
Event: 7.770 Loading class java/util/stream/ReferencePipeline$5$1 done
Event: 10.832 Loading class java/nio/file/NoSuchFileException
Event: 12.883 Loading class java/nio/file/FileSystemException
Event: 12.907 Loading class java/nio/file/FileSystemException done
Event: 12.907 Loading class java/nio/file/NoSuchFileException done

Classes unloaded (0 events):
No events

Classes redefined (0 events):
No events

Internal exceptions (20 events):
Event: 2.603 Thread 0x000001b61ee6c100 Implicit null exception at 0x000001b629ba079a to 0x000001b629ba09bc
Event: 2.604 Thread 0x000001b61ee6c100 Implicit null exception at 0x000001b629b9e2c0 to 0x000001b629b9e345
Event: 3.386 Thread 0x000001b61ee6c100 Exception <a 'java/lang/NoSuchMethodError'{0x00000000d59d3768}: 'void java.lang.invoke.DirectMethodHandle$Holder.invokeSpecial(java.lang.Object, java.lang.Object, java.lang.Object)'> (0x00000000d59d3768) 
thrown [s\src\hotspot\share\interpreter\linkResolver.cpp, line 773]
Event: 3.787 Thread 0x000001b61ee6c100 Exception <a 'java/lang/NoSuchMethodError'{0x00000000d644d1c8}: 'int java.lang.invoke.DirectMethodHandle$Holder.invokeVirtual(java.lang.Object, java.lang.Object)'> (0x00000000d644d1c8) 
thrown [s\src\hotspot\share\interpreter\linkResolver.cpp, line 773]
Event: 3.877 Thread 0x000001b61ee6c100 Exception <a 'java/lang/NoSuchMethodError'{0x00000000d65d79d0}: 'int java.lang.invoke.DirectMethodHandle$Holder.invokeStaticInit(java.lang.Object, java.lang.Object, java.lang.Object, java.lang.Object)'> (0x00000000d65d79d0) 
thrown [s\src\hotspot\share\interpreter\linkResolver.cpp, line 773]
Event: 3.879 Thread 0x000001b61ee6c100 Exception <a 'java/lang/IncompatibleClassChangeError'{0x00000000d65dfdd8}: Found class java.lang.Object, but interface was expected> (0x00000000d65dfdd8) 
thrown [s\src\hotspot\share\interpreter\linkResolver.cpp, line 840]
Event: 3.880 Thread 0x000001b61ee6c100 Exception <a 'java/lang/NoSuchMethodError'{0x00000000d65e6ca8}: 'void java.lang.invoke.DirectMethodHandle$Holder.invokeStaticInit(java.lang.Object, java.lang.Object)'> (0x00000000d65e6ca8) 
thrown [s\src\hotspot\share\interpreter\linkResolver.cpp, line 773]
Event: 3.882 Thread 0x000001b61ee6c100 Exception <a 'java/lang/NoSuchMethodError'{0x00000000d65f0c40}: 'int java.lang.invoke.DirectMethodHandle$Holder.invokeStaticInit(java.lang.Object, java.lang.Object)'> (0x00000000d65f0c40) 
thrown [s\src\hotspot\share\interpreter\linkResolver.cpp, line 773]
Event: 3.968 Thread 0x000001b61ee6c100 Exception <a 'java/lang/NoSuchMethodError'{0x00000000d68651a0}: 'java.lang.Object java.lang.invoke.DirectMethodHandle$Holder.newInvokeSpecial(java.lang.Object, int, java.lang.Object)'> (0x00000000d68651a0) 
thrown [s\src\hotspot\share\interpreter\linkResolver.cpp, line 773]
Event: 4.047 Thread 0x000001b61ee6c100 Exception <a 'java/lang/ClassNotFoundException'{0x00000000d6aa50a8}: sun/net/www/protocol/plurl/Handler> (0x00000000d6aa50a8) 
thrown [s\src\hotspot\share\classfile\systemDictionary.cpp, line 312]
Event: 4.047 Thread 0x000001b61ee6c100 Exception <a 'java/lang/ClassNotFoundException'{0x00000000d6aa5f28}: sun/net/www/protocol/plurl/Handler> (0x00000000d6aa5f28) 
thrown [s\src\hotspot\share\classfile\systemDictionary.cpp, line 312]
Event: 4.330 Thread 0x000001b61ee6c100 Exception <a 'java/lang/UnsatisfiedLinkError'{0x00000000d56647b8}: 'void org.eclipse.equinox.launcher.JNIBridge._update_splash()'> (0x00000000d56647b8) 
thrown [s\src\hotspot\share\prims\nativeLookup.cpp, line 415]
Event: 4.418 Thread 0x000001b6782ffdf0 Exception <a 'java/lang/NoSuchMethodError'{0x00000000d58ebe10}: 'void java.lang.invoke.DirectMethodHandle$Holder.invokeInterface(java.lang.Object, java.lang.Object, java.lang.Object)'> (0x00000000d58ebe10) 
thrown [s\src\hotspot\share\interpreter\linkResolver.cpp, line 773]
Event: 4.597 Thread 0x000001b6782fc970 Exception <a 'java/lang/NoSuchMethodError'{0x00000000d5cd3e70}: 'java.lang.Object java.lang.invoke.DirectMethodHandle$Holder.newInvokeSpecial(java.lang.Object, java.lang.Object, int, java.lang.Object)'> (0x00000000d5cd3e70) 
thrown [s\src\hotspot\share\interpreter\linkResolver.cpp, line 773]
Event: 4.598 Thread 0x000001b6782fc970 Exception <a 'java/lang/NoSuchMethodError'{0x00000000d5cd7ca0}: 'java.lang.Object java.lang.invoke.DirectMethodHandle$Holder.invokeSpecial(java.lang.Object, java.lang.Object, java.lang.Object, int, java.lang.Object)'> (0x00000000d5cd7ca0) 
thrown [s\src\hotspot\share\interpreter\linkResolver.cpp, line 773]
Event: 4.632 Thread 0x000001b6782fc970 Exception <a 'java/lang/NoClassDefFoundError'{0x00000000d5d7ecc0}: jakarta/servlet/ServletContainerInitializer> (0x00000000d5d7ecc0) 
thrown [s\src\hotspot\share\classfile\systemDictionary.cpp, line 301]
Event: 4.692 Thread 0x000001b6782fc970 Exception <a 'java/lang/ClassNotFoundException'{0x00000000d5eeaa18}: sun/util/logging/resources/spi/loggingProvider> (0x00000000d5eeaa18) 
thrown [s\src\hotspot\share\classfile\systemDictionary.cpp, line 312]
Event: 6.576 Thread 0x000001b6782fc970 Exception <a 'java/lang/NullPointerException'{0x00000000d669cf70}> (0x00000000d669cf70) 
thrown [s\src\hotspot\share\interpreter\linkResolver.cpp, line 1372]
Event: 6.576 Thread 0x000001b6782fc970 Exception <a 'java/lang/NullPointerException'{0x00000000d669d250}> (0x00000000d669d250) 
thrown [s\src\hotspot\share\interpreter\linkResolver.cpp, line 1372]
Event: 7.606 Thread 0x000001b6782fc970 Exception <a 'java/lang/NoSuchMethodError'{0x00000000d5771488}: 'long java.lang.invoke.DirectMethodHandle$Holder.invokeSpecial(java.lang.Object, java.lang.Object)'> (0x00000000d5771488) 
thrown [s\src\hotspot\share\interpreter\linkResolver.cpp, line 773]

ZGC Phase Switch (0 events):
No events

VM Operations (20 events):
Event: 4.715 Executing VM operation: HandshakeAllThreads (Deoptimize)
Event: 4.715 Executing VM operation: HandshakeAllThreads (Deoptimize) done
Event: 4.738 Executing VM operation: HandshakeAllThreads (Deoptimize)
Event: 4.738 Executing VM operation: HandshakeAllThreads (Deoptimize) done
Event: 4.755 Executing VM operation: HandshakeAllThreads (Deoptimize)
Event: 4.755 Executing VM operation: HandshakeAllThreads (Deoptimize) done
Event: 5.073 Executing VM operation: ParallelGCFailedAllocation (Allocation Failure)
Event: 5.083 Executing VM operation: ParallelGCFailedAllocation (Allocation Failure) done
Event: 5.211 Executing VM operation: HandshakeAllThreads (Deoptimize)
Event: 5.211 Executing VM operation: HandshakeAllThreads (Deoptimize) done
Event: 6.225 Executing VM operation: Cleanup
Event: 6.225 Executing VM operation: Cleanup done
Event: 6.787 Executing VM operation: HandshakeAllThreads (Deoptimize)
Event: 6.787 Executing VM operation: HandshakeAllThreads (Deoptimize) done
Event: 6.880 Executing VM operation: ParallelGCFailedAllocation (Allocation Failure)
Event: 6.889 Executing VM operation: ParallelGCFailedAllocation (Allocation Failure) done
Event: 7.895 Executing VM operation: Cleanup
Event: 7.895 Executing VM operation: Cleanup done
Event: 11.934 Executing VM operation: Cleanup
Event: 12.882 Executing VM operation: Cleanup done

Memory protections (0 events):
No events

Nmethod flushes (0 events):
No events

Events (20 events):
Event: 0.103 Thread 0x000001b61ee6c100 Thread added: 0x000001b61ee6c100
Event: 0.156 Thread 0x000001b61ee6c100 Thread added: 0x000001b61edddb30
Event: 0.156 Thread 0x000001b61ee6c100 Thread added: 0x000001b61ede1b20
Event: 0.157 Thread 0x000001b61ee6c100 Thread added: 0x000001b61ede4e10
Event: 0.157 Thread 0x000001b61ee6c100 Thread added: 0x000001b61ede7970
Event: 0.157 Thread 0x000001b61ee6c100 Thread added: 0x000001b61ede9920
Event: 0.157 Thread 0x000001b61ee6c100 Thread added: 0x000001b61edefac0
Event: 0.157 Thread 0x000001b61ee6c100 Thread added: 0x000001b61edf5510
Event: 0.158 Thread 0x000001b61ee6c100 Thread added: 0x000001b678128100
Event: 0.270 Thread 0x000001b61ee6c100 Thread added: 0x000001b6782fea40
Event: 1.168 Thread 0x000001b61ee6c100 Thread added: 0x000001b6782ff0d0
Event: 3.917 Thread 0x000001b61ee6c100 Thread added: 0x000001b6782ff760
Event: 4.327 Thread 0x000001b61ee6c100 Thread added: 0x000001b6782ffdf0
Event: 4.426 Thread 0x000001b6782ffdf0 Thread added: 0x000001b6782fe3b0
Event: 4.433 Thread 0x000001b61ee6c100 Thread added: 0x000001b6782fc970
Event: 5.200 Thread 0x000001b6782fc970 Thread added: 0x000001b6782fd000
Event: 6.764 Thread 0x000001b6782fc970 Thread added: 0x000001b6782fd690
Event: 7.774 Thread 0x000001b678128100 Thread added: 0x000001b67d206190
Event: 10.822 Thread 0x000001b678128100 Thread added: 0x000001b678643bd0
Event: 11.774 Thread 0x000001b678643bd0 Thread exited: 0x000001b678643bd0


Dynamic libraries:
0x00007ff7b3970000 - 0x00007ff7b397e000 	c:\Users\USER\.antigravity\extensions\redhat.java-1.52.0-win32-x64\jre\21.0.9-win32-x86_64\bin\java.exe
0x00007ffdadd00000 - 0x00007ffdadf67000 	C:\WINDOWS\SYSTEM32\ntdll.dll
0x00007ffdac710000 - 0x00007ffdac7d9000 	C:\WINDOWS\System32\KERNEL32.DLL
0x00007ffdab200000 - 0x00007ffdab5ef000 	C:\WINDOWS\System32\KERNELBASE.dll
0x00007ffdab0b0000 - 0x00007ffdab1fb000 	C:\WINDOWS\System32\ucrtbase.dll
0x00007ffd9adb0000 - 0x00007ffd9adc8000 	c:\Users\USER\.antigravity\extensions\redhat.java-1.52.0-win32-x64\jre\21.0.9-win32-x86_64\bin\jli.dll
0x00007ffd9ad90000 - 0x00007ffd9adae000 	c:\Users\USER\.antigravity\extensions\redhat.java-1.52.0-win32-x64\jre\21.0.9-win32-x86_64\bin\VCRUNTIME140.dll
0x00007ffdacf50000 - 0x00007ffdad115000 	C:\WINDOWS\System32\USER32.dll
0x00007ffdaafc0000 - 0x00007ffdaafe7000 	C:\WINDOWS\System32\win32u.dll
0x00007ffd94300000 - 0x00007ffd94593000 	C:\WINDOWS\WinSxS\amd64_microsoft.windows.common-controls_6595b64144ccf1df_6.0.26100.7309_none_3e05feeae336a044\COMCTL32.dll
0x00007ffdabc40000 - 0x00007ffdabc6b000 	C:\WINDOWS\System32\GDI32.dll
0x00007ffdad6f0000 - 0x00007ffdad799000 	C:\WINDOWS\System32\msvcrt.dll
0x00007ffdab600000 - 0x00007ffdab72c000 	C:\WINDOWS\System32\gdi32full.dll
0x00007ffdab960000 - 0x00007ffdaba03000 	C:\WINDOWS\System32\msvcp_win.dll
0x00007ffdac3b0000 - 0x00007ffdac3e1000 	C:\WINDOWS\System32\IMM32.DLL
0x00007ffd9ad30000 - 0x00007ffd9ad3c000 	c:\Users\USER\.antigravity\extensions\redhat.java-1.52.0-win32-x64\jre\21.0.9-win32-x86_64\bin\vcruntime140_1.dll
0x00007ffd7dfb0000 - 0x00007ffd7e03d000 	c:\Users\USER\.antigravity\extensions\redhat.java-1.52.0-win32-x64\jre\21.0.9-win32-x86_64\bin\msvcp140.dll
0x00007ffd45760000 - 0x00007ffd46500000 	c:\Users\USER\.antigravity\extensions\redhat.java-1.52.0-win32-x64\jre\21.0.9-win32-x86_64\bin\server\jvm.dll
0x00007ffdad120000 - 0x00007ffdad1d4000 	C:\WINDOWS\System32\ADVAPI32.dll
0x00007ffdabab0000 - 0x00007ffdabb56000 	C:\WINDOWS\System32\sechost.dll
0x00007ffdac5f0000 - 0x00007ffdac708000 	C:\WINDOWS\System32\RPCRT4.dll
0x00007ffdac570000 - 0x00007ffdac5e4000 	C:\WINDOWS\System32\WS2_32.dll
0x00007ffd94890000 - 0x00007ffd948c5000 	C:\WINDOWS\SYSTEM32\WINMM.dll
0x00007ffdaacb0000 - 0x00007ffdaad0e000 	C:\WINDOWS\SYSTEM32\POWRPROF.dll
0x00007ffda00a0000 - 0x00007ffda00ab000 	C:\WINDOWS\SYSTEM32\VERSION.dll
0x00007ffdaac90000 - 0x00007ffdaaca4000 	C:\WINDOWS\SYSTEM32\UMPDC.dll
0x00007ffda9bc0000 - 0x00007ffda9bdb000 	C:\WINDOWS\SYSTEM32\kernel.appcore.dll
0x00007ffd95f80000 - 0x00007ffd95f8a000 	c:\Users\USER\.antigravity\extensions\redhat.java-1.52.0-win32-x64\jre\21.0.9-win32-x86_64\bin\jimage.dll
0x00007ffda8580000 - 0x00007ffda87c2000 	C:\WINDOWS\SYSTEM32\DBGHELP.DLL
0x00007ffdac020000 - 0x00007ffdac3a6000 	C:\WINDOWS\System32\combase.dll
0x00007ffdabb60000 - 0x00007ffdabc36000 	C:\WINDOWS\System32\OLEAUT32.dll
0x00007ffd84a70000 - 0x00007ffd84aac000 	C:\WINDOWS\SYSTEM32\dbgcore.DLL
0x00007ffdab730000 - 0x00007ffdab7d5000 	C:\WINDOWS\System32\bcryptPrimitives.dll
0x00007ffd83af0000 - 0x00007ffd83aff000 	c:\Users\USER\.antigravity\extensions\redhat.java-1.52.0-win32-x64\jre\21.0.9-win32-x86_64\bin\instrument.dll
0x00007ffd84be0000 - 0x00007ffd84c00000 	c:\Users\USER\.antigravity\extensions\redhat.java-1.52.0-win32-x64\jre\21.0.9-win32-x86_64\bin\java.dll
0x00007ffdac7f0000 - 0x00007ffdacf43000 	C:\WINDOWS\System32\SHELL32.dll
0x00007ffdaae50000 - 0x00007ffdaafba000 	C:\WINDOWS\System32\wintypes.dll
0x00007ffda8a30000 - 0x00007ffda928e000 	C:\WINDOWS\SYSTEM32\windows.storage.dll
0x00007ffdada00000 - 0x00007ffdadaf5000 	C:\WINDOWS\System32\SHCORE.dll
0x00007ffdad820000 - 0x00007ffdad886000 	C:\WINDOWS\System32\shlwapi.dll
0x00007ffdaad70000 - 0x00007ffdaad99000 	C:\WINDOWS\SYSTEM32\profapi.dll
0x00007ffd83a40000 - 0x00007ffd83a58000 	c:\Users\USER\.antigravity\extensions\redhat.java-1.52.0-win32-x64\jre\21.0.9-win32-x86_64\bin\zip.dll
0x00007ffd82130000 - 0x00007ffd82140000 	C:\Users\USER\.antigravity\extensions\redhat.java-1.52.0-win32-x64\jre\21.0.9-win32-x86_64\bin\net.dll
0x00007ffd9b280000 - 0x00007ffd9b3a8000 	C:\WINDOWS\SYSTEM32\WINHTTP.dll
0x00007ffdaa110000 - 0x00007ffdaa17b000 	C:\WINDOWS\system32\mswsock.dll
0x00007ffd81c30000 - 0x00007ffd81c46000 	C:\Users\USER\.antigravity\extensions\redhat.java-1.52.0-win32-x64\jre\21.0.9-win32-x86_64\bin\nio.dll
0x00007ffda41c0000 - 0x00007ffda41d0000 	c:\Users\USER\.antigravity\extensions\redhat.java-1.52.0-win32-x64\jre\21.0.9-win32-x86_64\bin\verify.dll
0x00007ffd9ae00000 - 0x00007ffd9ae45000 	C:\Users\USER\AppData\Roaming\Antigravity\User\globalStorage\redhat.java\1.52.0\config_win\org.eclipse.equinox.launcher\org.eclipse.equinox.launcher.win32.win32.x86_64_1.2.1500.v20260121-1430\eclipse_11919.dll
0x00007ffdadb20000 - 0x00007ffdadcb7000 	C:\WINDOWS\System32\ole32.dll

JVMTI agents:
c:\Users\USER\.antigravity\extensions\redhat.java-1.52.0-win32-x64\lombok\lombok-1.18.39-4050.jar path:c:\Users\USER\.antigravity\extensions\redhat.java-1.52.0-win32-x64\jre\21.0.9-win32-x86_64\bin\instrument.dll, loaded, initialized, instrumentlib options:none

dbghelp: loaded successfully - version: 4.0.5 - missing functions: none
symbol engine: initialized successfully - sym options: 0x614 - pdb path: .;c:\Users\USER\.antigravity\extensions\redhat.java-1.52.0-win32-x64\jre\21.0.9-win32-x86_64\bin;C:\WINDOWS\SYSTEM32;C:\WINDOWS\WinSxS\amd64_microsoft.windows.common-controls_6595b64144ccf1df_6.0.26100.7309_none_3e05feeae336a044;c:\Users\USER\.antigravity\extensions\redhat.java-1.52.0-win32-x64\jre\21.0.9-win32-x86_64\bin\server;C:\Users\USER\AppData\Roaming\Antigravity\User\globalStorage\redhat.java\1.52.0\config_win\org.eclipse.equinox.launcher\org.eclipse.equinox.launcher.win32.win32.x86_64_1.2.1500.v20260121-1430

VM Arguments:
jvm_args: --add-modules=ALL-SYSTEM --add-opens=java.base/java.util=ALL-UNNAMED --add-opens=java.base/java.lang=ALL-UNNAMED --add-opens=java.base/sun.nio.fs=ALL-UNNAMED -Declipse.application=org.eclipse.jdt.ls.core.id1 -Dosgi.bundles.defaultStartLevel=4 -Declipse.product=org.eclipse.jdt.ls.core.product -Djava.import.generatesMetadataFilesAtProjectRoot=false -DDetectVMInstallationsJob.disabled=true -Dfile.encoding=utf8 -XX:+UseParallelGC -XX:GCTimeRatio=4 -XX:AdaptiveSizePolicyWeight=90 -Dsun.zip.disableMemoryMapping=true -Xmx2G -Xms100m -Xlog:disable -javaagent:c:\Users\USER\.antigravity\extensions\redhat.java-1.52.0-win32-x64\lombok\lombok-1.18.39-4050.jar -XX:+HeapDumpOnOutOfMemoryError -XX:HeapDumpPath=c:\Users\USER\AppData\Roaming\Antigravity\User\workspaceStorage\782e17e61a45a20e5dc4846b1d9e4a99\redhat.java -Daether.dependencyCollector.impl=bf 
java_command: c:\Users\USER\.antigravity\extensions\redhat.java-1.52.0-win32-x64\server\plugins\org.eclipse.equinox.launcher_1.7.100.v20251111-0406.jar -configuration c:\Users\USER\AppData\Roaming\Antigravity\User\globalStorage\redhat.java\1.52.0\config_win -data c:\Users\USER\AppData\Roaming\Antigravity\User\workspaceStorage\782e17e61a45a20e5dc4846b1d9e4a99\redhat.java\jdt_ws --pipe=\\.\pipe\lsp-01eed88cebc82c74cce3e84b8505cc24-sock
java_class_path (initial): c:\Users\USER\.antigravity\extensions\redhat.java-1.52.0-win32-x64\server\plugins\org.eclipse.equinox.launcher_1.7.100.v20251111-0406.jar
Launcher Type: SUN_STANDARD

[Global flags]
    uintx AdaptiveSizePolicyWeight                 = 90                                        {product} {command line}
     intx CICompilerCount                          = 4                                         {product} {ergonomic}
    uintx GCTimeRatio                              = 4                                         {product} {command line}
     bool HeapDumpOnOutOfMemoryError               = true                                   {manageable} {command line}
    ccstr HeapDumpPath                             = c:\Users\USER\AppData\Roaming\Antigravity\User\workspaceStorage\782e17e61a45a20e5dc4846b1d9e4a99\redhat.java         {manageable} {command line}
   size_t InitialHeapSize                          = 104857600                                 {product} {command line}
   size_t MaxHeapSize                              = 2147483648                                {product} {command line}
   size_t MaxNewSize                               = 715653120                                 {product} {ergonomic}
   size_t MinHeapDeltaBytes                        = 524288                                    {product} {ergonomic}
   size_t MinHeapSize                              = 104857600                                 {product} {command line}
   size_t NewSize                                  = 34603008                                  {product} {ergonomic}
    uintx NonNMethodCodeHeapSize                   = 5839372                                {pd product} {ergonomic}
    uintx NonProfiledCodeHeapSize                  = 122909434                              {pd product} {ergonomic}
   size_t OldSize                                  = 70254592                                  {product} {ergonomic}
    uintx ProfiledCodeHeapSize                     = 122909434                              {pd product} {ergonomic}
    uintx ReservedCodeCacheSize                    = 251658240                              {pd product} {ergonomic}
     bool SegmentedCodeCache                       = true                                      {product} {ergonomic}
   size_t SoftMaxHeapSize                          = 2147483648                             {manageable} {ergonomic}
     bool UseCompressedOops                        = true                           {product lp64_product} {ergonomic}
     bool UseLargePagesIndividualAllocation        = false                                  {pd product} {ergonomic}
     bool UseParallelGC                            = true                                      {product} {command line}

Logging:
Log output configuration:
 #0: stdout all=off uptime,level,tags foldmultilines=false
 #1: stderr all=off uptime,level,tags foldmultilines=false

Release file:
JAVA_VERSION="21.0.9" 
MODULES="java.base java.compiler java.datatransfer java.xml java.prefs java.desktop java.instrument java.logging java.management java.security.sasl java.naming java.rmi java.management.rmi java.net.http java.scripting java.security.jgss java.transaction.xa java.sql java.sql.rowset java.xml.crypto java.se java.smartcardio jdk.accessibility jdk.internal.jvmstat jdk.attach jdk.charsets jdk.internal.opt jdk.zipfs jdk.compiler jdk.crypto.ec jdk.crypto.cryptoki jdk.crypto.mscapi jdk.dynalink jdk.internal.ed jdk.editpad jdk.hotspot.agent jdk.httpserver jdk.internal.le jdk.internal.vm.ci jdk.internal.vm.compiler jdk.internal.vm.compiler.management jdk.jartool jdk.javadoc jdk.jcmd jdk.management jdk.management.agent jdk.jconsole jdk.jdeps jdk.jdwp.agent jdk.jdi jdk.jfr jdk.jshell jdk.jsobject jdk.jstatd jdk.localedata jdk.management.jfr jdk.naming.dns jdk.naming.rmi jdk.net jdk.nio.mapmode jdk.random jdk.sctp jdk.security.auth jdk.security.jgss jdk.unsupported jdk.unsupported.desktop jdk.xml.dom" 

Environment Variables:
JAVA_HOME=C:\Program Files\Eclipse Adoptium\jdk-17.0.16.8-hotspot
PATH=C:\Program Files\Eclipse Adoptium\jdk-21.0.9.10-hotspot\bin;C:\WINDOWS\system32;C:\WINDOWS;C:\WINDOWS\System32\Wbem;C:\WINDOWS\System32\WindowsPowerShell\v1.0\;C:\WINDOWS\System32\OpenSSH\;C:\Program Files\cursor\resources\app\bin;C:\Program Files\nodejs\;C:\Program Files\Git\cmd;C:\Users\USER\AppData\Local\Microsoft\WindowsApps;C:\Users\USER\AppData\Local\Programs\Microsoft VS Code\bin;C:\Users\USER\AppData\Roaming\npm;C:\Program Files\Eclipse Adoptium\jdk-17.0.16.8-hotspot\bin;C:\Users\USER\AppData\Local\Android\Sdk\platform-tools;C:\Users\USER\AppData\Local\Microsoft\WindowsApps;C:\Users\USER\AppData\Local\Programs\Microsoft VS Code\bin;C:\Users\USER\AppData\Roaming\npm;C:\Users\USER\AppData\Local\Programs\Antigravity\bin
USERNAME=USER
OS=Windows_NT
PROCESSOR_IDENTIFIER=Intel64 Family 6 Model 142 Stepping 10, GenuineIntel
TMP=C:\Users\USER\AppData\Local\Temp
TEMP=C:\Users\USER\AppData\Local\Temp




Periodic native trim disabled

---------------  S Y S T E M  ---------------

OS:
 Windows 11 , 64 bit Build 26100 (10.0.26100.7623)
OS uptime: 1 days 0:32 hours
Hyper-V role detected

CPU: total 8 (initial active 8) (4 cores per cpu, 2 threads per core) family 6 model 142 stepping 10 microcode 0xf6, cx8, cmov, fxsr, ht, mmx, 3dnowpref, sse, sse2, sse3, ssse3, sse4.1, sse4.2, popcnt, lzcnt, tsc, tscinvbit, avx, avx2, aes, erms, clmul, bmi1, bmi2, rtm, adx, fma, vzeroupper, clflush, clflushopt, hv, rdtscp, f16c
Processor Information for the first 8 processors :
  Max Mhz: 1896, Current Mhz: 1696, Mhz Limit: 1687

Memory: 4k page, system-wide physical 8035M (1007M free)
TotalPageFile size 32611M (AvailPageFile size 0M)
current process WorkingSet (physical memory assigned to process): 115M, peak: 115M
current process commit charge ("private bytes"): 253M, peak: 253M

vm_info: OpenJDK 64-Bit Server VM (21.0.9+10-LTS) for windows-amd64 JRE (21.0.9+10-LTS), built on 2025-10-21T00:00:00Z by "admin" with unknown MS VC++:1942

END.
